Component: ARM Compiler 5.06 update 6 (build 750) Tool: armlink [4d35ed]

==============================================================================

Section Cross References

    main.o(i.AppTaskCreate) refers to tasks.o(i.xTaskGenericCreate) for xTaskGenericCreate
    main.o(i.AppTaskCreate) refers to main.o(.data) for xHandleTaskUserIF
    main.o(i.AppTaskCreate) refers to main.o(i.vTaskTaskUserIF) for vTaskTaskUserIF
    main.o(i.AppTaskCreate) refers to main.o(i.vTaskLED) for vTaskLED
    main.o(i.AppTaskCreate) refers to main.o(i.vTaskMsgPro) for vTaskMsgPro
    main.o(i.AppTaskCreate) refers to main.o(i.vTaskStart) for vTaskStart
    main.o(i.main) refers to bsp.o(i.bsp_Init) for bsp_Init
    main.o(i.main) refers to sysinfotest.o(i.vSetupSysInfoTest) for vSetupSysInfoTest
    main.o(i.main) refers to main.o(i.AppTaskCreate) for AppTaskCreate
    main.o(i.main) refers to tasks.o(i.vTaskStartScheduler) for vTaskStartScheduler
    main.o(i.vTaskLED) refers to bsp_led.o(i.bsp_LedToggle) for bsp_LedToggle
    main.o(i.vTaskLED) refers to tasks.o(i.vTaskDelay) for vTaskDelay
    main.o(i.vTaskMsgPro) refers to bsp_led.o(i.bsp_LedToggle) for bsp_LedToggle
    main.o(i.vTaskMsgPro) refers to tasks.o(i.vTaskDelay) for vTaskDelay
    main.o(i.vTaskStart) refers to tasks.o(i.vTaskDelay) for vTaskDelay
    main.o(i.vTaskStart) refers to printf3.o(i.__0printf$3) for __2printf
    main.o(i.vTaskTaskUserIF) refers to bsp_key.o(i.bsp_GetKey) for bsp_GetKey
    main.o(i.vTaskTaskUserIF) refers to printf3.o(i.__0printf$3) for __2printf
    main.o(i.vTaskTaskUserIF) refers to tasks.o(i.vTaskList) for vTaskList
    main.o(i.vTaskTaskUserIF) refers to tasks.o(i.vTaskGetRunTimeStats) for vTaskGetRunTimeStats
    main.o(i.vTaskTaskUserIF) refers to tasks.o(i.vTaskDelay) for vTaskDelay
    sysinfotest.o(i.TIM6_IRQHandler) refers to stm32f10x_tim.o(i.TIM_GetITStatus) for TIM_GetITStatus
    sysinfotest.o(i.TIM6_IRQHandler) refers to stm32f10x_tim.o(i.TIM_ClearITPendingBit) for TIM_ClearITPendingBit
    sysinfotest.o(i.TIM6_IRQHandler) refers to sysinfotest.o(.data) for ulHighFrequencyTimerTicks
    sysinfotest.o(i.vSetupSysInfoTest) refers to bsp_tim_pwm.o(i.bsp_SetTIMforInt) for bsp_SetTIMforInt
    bsp.o(i.bsp_Init) refers to misc.o(i.NVIC_PriorityGroupConfig) for NVIC_PriorityGroupConfig
    bsp.o(i.bsp_Init) refers to bsp_uart_fifo.o(i.bsp_InitUart) for bsp_InitUart
    bsp.o(i.bsp_Init) refers to bsp_led.o(i.bsp_InitLed) for bsp_InitLed
    bsp.o(i.bsp_Init) refers to bsp_key.o(i.bsp_InitKey) for bsp_InitKey
    bsp_key.o(i.bsp_ClearKey) refers to bsp_key.o(.bss) for s_tKey
    bsp_key.o(i.bsp_DetectKey) refers to bsp_key.o(i.bsp_PutKey) for bsp_PutKey
    bsp_key.o(i.bsp_DetectKey) refers to bsp_key.o(.bss) for s_tBtn
    bsp_key.o(i.bsp_GetKey) refers to bsp_key.o(.bss) for s_tKey
    bsp_key.o(i.bsp_GetKey2) refers to bsp_key.o(.bss) for s_tKey
    bsp_key.o(i.bsp_GetKeyState) refers to bsp_key.o(.bss) for s_tBtn
    bsp_key.o(i.bsp_InitKey) refers to bsp_key.o(i.bsp_InitKeyVar) for bsp_InitKeyVar
    bsp_key.o(i.bsp_InitKey) refers to bsp_key.o(i.bsp_InitKeyHard) for bsp_InitKeyHard
    bsp_key.o(i.bsp_InitKeyHard) refers to stm32f10x_rcc.o(i.RCC_APB2PeriphClockCmd) for RCC_APB2PeriphClockCmd
    bsp_key.o(i.bsp_InitKeyHard) refers to stm32f10x_gpio.o(i.GPIO_Init) for GPIO_Init
    bsp_key.o(i.bsp_InitKeyVar) refers to bsp_key.o(.bss) for s_tKey
    bsp_key.o(i.bsp_InitKeyVar) refers to bsp_key.o(i.IsKeyDown1) for IsKeyDown1
    bsp_key.o(i.bsp_InitKeyVar) refers to bsp_key.o(i.IsKeyDown2) for IsKeyDown2
    bsp_key.o(i.bsp_InitKeyVar) refers to bsp_key.o(i.IsKeyDown3) for IsKeyDown3
    bsp_key.o(i.bsp_InitKeyVar) refers to bsp_key.o(i.IsKeyDown4) for IsKeyDown4
    bsp_key.o(i.bsp_InitKeyVar) refers to bsp_key.o(i.IsKeyDown5) for IsKeyDown5
    bsp_key.o(i.bsp_InitKeyVar) refers to bsp_key.o(i.IsKeyDown6) for IsKeyDown6
    bsp_key.o(i.bsp_InitKeyVar) refers to bsp_key.o(i.IsKeyDown7) for IsKeyDown7
    bsp_key.o(i.bsp_InitKeyVar) refers to bsp_key.o(i.IsKeyDown8) for IsKeyDown8
    bsp_key.o(i.bsp_InitKeyVar) refers to bsp_key.o(i.IsKeyDown9) for IsKeyDown9
    bsp_key.o(i.bsp_InitKeyVar) refers to bsp_key.o(i.IsKeyDown10) for IsKeyDown10
    bsp_key.o(i.bsp_KeyScan) refers to bsp_key.o(i.bsp_DetectKey) for bsp_DetectKey
    bsp_key.o(i.bsp_PutKey) refers to bsp_key.o(.bss) for s_tKey
    bsp_key.o(i.bsp_SetKeyParam) refers to bsp_key.o(.bss) for s_tBtn
    bsp_led.o(i.bsp_InitLed) refers to stm32f10x_rcc.o(i.RCC_APB2PeriphClockCmd) for RCC_APB2PeriphClockCmd
    bsp_led.o(i.bsp_InitLed) refers to bsp_led.o(i.bsp_LedOff) for bsp_LedOff
    bsp_led.o(i.bsp_InitLed) refers to stm32f10x_gpio.o(i.GPIO_Init) for GPIO_Init
    bsp_uart_fifo.o(i.ComToUart) refers to bsp_uart_fifo.o(.bss) for g_tUart1
    bsp_uart_fifo.o(i.ConfigUartNVIC) refers to misc.o(i.NVIC_Init) for NVIC_Init
    bsp_uart_fifo.o(i.InitHardUart) refers to stm32f10x_rcc.o(i.RCC_APB2PeriphClockCmd) for RCC_APB2PeriphClockCmd
[...]
    Removing bsp_led.o(.rev16_text), (4 bytes).
    Removing bsp_led.o(.revsh_text), (4 bytes).
    Removing bsp_led.o(i.bsp_IsLedOn), (100 bytes).
    Removing bsp_led.o(i.bsp_LedOn), (60 bytes).
    Removing bsp_uart_fifo.o(.rev16_text), (4 bytes).
    Removing bsp_uart_fifo.o(.revsh_text), (4 bytes).
    Removing bsp_uart_fifo.o(i.RS485_ReciveNew), (2 bytes).
    Removing bsp_uart_fifo.o(i.RS485_SendBefor), (12 bytes).
    Removing bsp_uart_fifo.o(i.RS485_SendBuf), (18 bytes).
    Removing bsp_uart_fifo.o(i.RS485_SendOver), (12 bytes).
    Removing bsp_uart_fifo.o(i.RS485_SendStr), (22 bytes).
    Removing bsp_uart_fifo.o(i.UartGetChar), (66 bytes).
    Removing bsp_uart_fifo.o(i.bsp_Set485Baud), (44 bytes).
    Removing bsp_uart_fifo.o(i.bsp_SetUart1Baud), (44 bytes).
    Removing bsp_uart_fifo.o(i.bsp_SetUart2Baud), (44 bytes).
    Removing bsp_uart_fifo.o(i.comClearRxFifo), (28 bytes).
    Removing bsp_uart_fifo.o(i.comClearTxFifo), (28 bytes).
    Removing bsp_uart_fifo.o(i.comGetChar), (30 bytes).
    Removing bsp_uart_fifo.o(i.fgetc), (24 bytes).
    Removing stm32f10x_it.o(.rev16_text), (4 bytes).
    Removing stm32f10x_it.o(.revsh_text), (4 bytes).
    Removing bsp_tim_pwm.o(.rev16_text), (4 bytes).
    Removing bsp_tim_pwm.o(.revsh_text), (4 bytes).
    Removing bsp_tim_pwm.o(i.bsp_ConfigGpioOut), (46 bytes).
    Removing bsp_tim_pwm.o(i.bsp_ConfigTimGpio), (104 bytes).
    Removing bsp_tim_pwm.o(i.bsp_GetRCCofGPIO), (104 bytes).
    Removing bsp_tim_pwm.o(i.bsp_SetTIMOutPWM), (452 bytes).
    Removing bsp_tim_pwm.o(i.bsp_SetTIMOutPWM_N), (456 bytes).
    Removing stm32f10x_assert.o(.rev16_text), (4 bytes).
    Removing stm32f10x_assert.o(.revsh_text), (4 bytes).
    Removing startup_stm32f10x_hd.o(HEAP), (512 bytes).
    Removing misc.o(.rev16_text), (4 bytes).
    Removing misc.o(.revsh_text), (4 bytes).
    Removing misc.o(i.NVIC_SetVectorTable), (20 bytes).
    Removing misc.o(i.NVIC_SystemLPConfig), (32 bytes).
    Removing misc.o(i.SysTick_CLKSourceConfig), (40 bytes).
    Removing stm32f10x_gpio.o(.rev16_text), (4 bytes).
    Removing stm32f10x_gpio.o(.revsh_text), (4 bytes).
    Removing stm32f10x_gpio.o(i.GPIO_AFIODeInit), (20 bytes).
    Removing stm32f10x_gpio.o(i.GPIO_DeInit), (200 bytes).
    Removing stm32f10x_gpio.o(i.GPIO_ETH_MediaInterfaceConfig), (12 bytes).
    Removing stm32f10x_gpio.o(i.GPIO_EXTILineConfig), (64 bytes).
    Removing stm32f10x_gpio.o(i.GPIO_EventOutputCmd), (12 bytes).
    Removing stm32f10x_gpio.o(i.GPIO_EventOutputConfig), (32 bytes).
    Removing stm32f10x_gpio.o(i.GPIO_PinLockConfig), (18 bytes).
    Removing stm32f10x_gpio.o(i.GPIO_PinRemapConfig), (144 bytes).
    Removing stm32f10x_gpio.o(i.GPIO_ReadInputData), (8 bytes).
    Removing stm32f10x_gpio.o(i.GPIO_ReadInputDataBit), (18 bytes).
    Removing stm32f10x_gpio.o(i.GPIO_ReadOutputData), (8 bytes).
    Removing stm32f10x_gpio.o(i.GPIO_ReadOutputDataBit), (18 bytes).
    Removing stm32f10x_gpio.o(i.GPIO_ResetBits), (4 bytes).
    Removing stm32f10x_gpio.o(i.GPIO_SetBits), (4 bytes).
    Removing stm32f10x_gpio.o(i.GPIO_StructInit), (16 bytes).
    Removing stm32f10x_gpio.o(i.GPIO_Write), (4 bytes).
    Removing stm32f10x_gpio.o(i.GPIO_WriteBit), (10 bytes).
    Removing stm32f10x_rcc.o(.rev16_text), (4 bytes).
    Removing stm32f10x_rcc.o(.revsh_text), (4 bytes).
    Removing stm32f10x_rcc.o(i.RCC_ADCCLKConfig), (24 bytes).
    Removing stm32f10x_rcc.o(i.RCC_AHBPeriphClockCmd), (32 bytes).
    Removing stm32f10x_rcc.o(i.RCC_APB1PeriphResetCmd), (32 bytes).
    Removing stm32f10x_rcc.o(i.RCC_APB2PeriphResetCmd), (32 bytes).
    Removing stm32f10x_rcc.o(i.RCC_AdjustHSICalibrationValue), (24 bytes).
    Removing stm32f10x_rcc.o(i.RCC_BackupResetCmd), (12 bytes).
    Removing stm32f10x_rcc.o(i.RCC_ClearFlag), (20 bytes).
    Removing stm32f10x_rcc.o(i.RCC_ClearITPendingBit), (12 bytes).
    Removing stm32f10x_rcc.o(i.RCC_ClockSecuritySystemCmd), (12 bytes).
    Removing stm32f10x_rcc.o(i.RCC_DeInit), (76 bytes).
    Removing stm32f10x_rcc.o(i.RCC_GetFlagStatus), (60 bytes).
    Removing stm32f10x_rcc.o(i.RCC_GetITStatus), (24 bytes).
    Removing stm32f10x_rcc.o(i.RCC_GetSYSCLKSource), (16 bytes).
    Removing stm32f10x_rcc.o(i.RCC_HCLKConfig), (24 bytes).
    Removing stm32f10x_rcc.o(i.RCC_HSEConfig), (76 bytes).
    Removing stm32f10x_rcc.o(i.RCC_HSICmd), (12 bytes).
    Removing stm32f10x_rcc.o(i.RCC_ITConfig), (32 bytes).
    Removing stm32f10x_rcc.o(i.RCC_LSEConfig), (52 bytes).
    Removing stm32f10x_rcc.o(i.RCC_LSICmd), (12 bytes).
    Removing stm32f10x_rcc.o(i.RCC_MCOConfig), (12 bytes).
    Removing stm32f10x_rcc.o(i.RCC_PCLK1Config), (24 bytes).
    Removing stm32f10x_rcc.o(i.RCC_PCLK2Config), (24 bytes).
    Removing stm32f10x_rcc.o(i.RCC_PLLCmd), (12 bytes).
    Removing stm32f10x_rcc.o(i.RCC_PLLConfig), (28 bytes).
    Removing stm32f10x_rcc.o(i.RCC_RTCCLKCmd), (12 bytes).
    Removing stm32f10x_rcc.o(i.RCC_RTCCLKConfig), (16 bytes).
    Removing stm32f10x_rcc.o(i.RCC_SYSCLKConfig), (24 bytes).
    Removing stm32f10x_rcc.o(i.RCC_USBCLKConfig), (12 bytes).
    Removing stm32f10x_rcc.o(i.RCC_WaitForHSEStartUp), (56 bytes).
    Removing stm32f10x_usart.o(.rev16_text), (4 bytes).
    Removing stm32f10x_usart.o(.revsh_text), (4 bytes).
    Removing stm32f10x_usart.o(i.USART_ClearITPendingBit), (30 bytes).
    Removing stm32f10x_usart.o(i.USART_ClockInit), (34 bytes).
    Removing stm32f10x_usart.o(i.USART_ClockStructInit), (12 bytes).
    Removing stm32f10x_usart.o(i.USART_DMACmd), (18 bytes).
    Removing stm32f10x_usart.o(i.USART_DeInit), (156 bytes).
    Removing stm32f10x_usart.o(i.USART_GetFlagStatus), (26 bytes).
    Removing stm32f10x_usart.o(i.USART_HalfDuplexCmd), (24 bytes).
    Removing stm32f10x_usart.o(i.USART_IrDACmd), (24 bytes).
    Removing stm32f10x_usart.o(i.USART_IrDAConfig), (18 bytes).
    Removing stm32f10x_usart.o(i.USART_LINBreakDetectLengthConfig), (18 bytes).
    Removing stm32f10x_usart.o(i.USART_LINCmd), (24 bytes).
    Removing stm32f10x_usart.o(i.USART_OneBitMethodCmd), (24 bytes).
    Removing stm32f10x_usart.o(i.USART_OverSampling8Cmd), (22 bytes).
    Removing stm32f10x_usart.o(i.USART_ReceiverWakeUpCmd), (24 bytes).
    Removing stm32f10x_usart.o(i.USART_SendBreak), (10 bytes).
    Removing stm32f10x_usart.o(i.USART_SetAddress), (18 bytes).
    Removing stm32f10x_usart.o(i.USART_SetGuardTime), (16 bytes).
    Removing stm32f10x_usart.o(i.USART_SetPrescaler), (16 bytes).
    Removing stm32f10x_usart.o(i.USART_SmartCardCmd), (24 bytes).
    Removing stm32f10x_usart.o(i.USART_SmartCardNACKCmd), (24 bytes).
    Removing stm32f10x_usart.o(i.USART_StructInit), (24 bytes).
    Removing stm32f10x_usart.o(i.USART_WakeUpConfig), (18 bytes).
    Removing stm32f10x_flash.o(.rev16_text), (4 bytes).
    Removing stm32f10x_flash.o(.revsh_text), (4 bytes).
    Removing stm32f10x_flash.o(i.FLASH_ClearFlag), (12 bytes).
    Removing stm32f10x_flash.o(i.FLASH_EnableWriteProtection), (196 bytes).
    Removing stm32f10x_flash.o(i.FLASH_EraseAllBank1Pages), (72 bytes).
    Removing stm32f10x_flash.o(i.FLASH_EraseAllPages), (72 bytes).
    Removing stm32f10x_flash.o(i.FLASH_EraseOptionBytes), (168 bytes).
    Removing stm32f10x_flash.o(i.FLASH_ErasePage), (76 bytes).
    Removing stm32f10x_flash.o(i.FLASH_GetBank1Status), (52 bytes).
    Removing stm32f10x_flash.o(i.FLASH_GetFlagStatus), (48 bytes).
    Removing stm32f10x_flash.o(i.FLASH_GetPrefetchBufferStatus), (24 bytes).
    Removing stm32f10x_flash.o(i.FLASH_GetReadOutProtectionStatus), (24 bytes).
    Removing stm32f10x_flash.o(i.FLASH_GetStatus), (52 bytes).
    Removing stm32f10x_flash.o(i.FLASH_GetUserOptionByte), (12 bytes).
    Removing stm32f10x_flash.o(i.FLASH_GetWriteProtectionOptionByte), (12 bytes).
    Removing stm32f10x_flash.o(i.FLASH_HalfCycleAccessCmd), (28 bytes).
    Removing stm32f10x_flash.o(i.FLASH_ITConfig), (32 bytes).
    Removing stm32f10x_flash.o(i.FLASH_Lock), (20 bytes).
    Removing stm32f10x_flash.o(i.FLASH_LockBank1), (20 bytes).
    Removing stm32f10x_flash.o(i.FLASH_PrefetchBufferCmd), (28 bytes).
    Removing stm32f10x_flash.o(i.FLASH_ProgramHalfWord), (64 bytes).
    Removing stm32f10x_flash.o(i.FLASH_ProgramOptionByteData), (84 bytes).
    Removing stm32f10x_flash.o(i.FLASH_ProgramWord), (108 bytes).
    Removing stm32f10x_flash.o(i.FLASH_ReadOutProtection), (172 bytes).
    Removing stm32f10x_flash.o(i.FLASH_SetLatency), (24 bytes).
    Removing stm32f10x_flash.o(i.FLASH_Unlock), (24 bytes).
    Removing stm32f10x_flash.o(i.FLASH_UnlockBank1), (24 bytes).
    Removing stm32f10x_flash.o(i.FLASH_UserOptionByteConfig), (104 bytes).
    Removing stm32f10x_flash.o(i.FLASH_WaitForLastBank1Operation), (38 bytes).
    Removing stm32f10x_flash.o(i.FLASH_WaitForLastOperation), (38 bytes).
    Removing stm32f10x_tim.o(.rev16_text), (4 bytes).
    Removing stm32f10x_tim.o(.revsh_text), (4 bytes).
    Removing stm32f10x_tim.o(i.TI1_Config), (128 bytes).
    Removing stm32f10x_tim.o(i.TI2_Config), (152 bytes).
    Removing stm32f10x_tim.o(i.TI3_Config), (144 bytes).
    Removing stm32f10x_tim.o(i.TI4_Config), (152 bytes).
    Removing stm32f10x_tim.o(i.TIM_BDTRConfig), (32 bytes).
    Removing stm32f10x_tim.o(i.TIM_BDTRStructInit), (18 bytes).
    Removing stm32f10x_tim.o(i.TIM_CCPreloadControl), (24 bytes).
    Removing stm32f10x_tim.o(i.TIM_CCxCmd), (30 bytes).
    Removing stm32f10x_tim.o(i.TIM_CCxNCmd), (30 bytes).
    Removing stm32f10x_tim.o(i.TIM_ClearFlag), (6 bytes).
    Removing stm32f10x_tim.o(i.TIM_ClearOC1Ref), (18 bytes).
    Removing stm32f10x_tim.o(i.TIM_ClearOC2Ref), (24 bytes).
    Removing stm32f10x_tim.o(i.TIM_ClearOC3Ref), (18 bytes).
    Removing stm32f10x_tim.o(i.TIM_ClearOC4Ref), (24 bytes).
    Removing stm32f10x_tim.o(i.TIM_CounterModeConfig), (18 bytes).
    Removing stm32f10x_tim.o(i.TIM_CtrlPWMOutputs), (30 bytes).
    Removing stm32f10x_tim.o(i.TIM_DMACmd), (18 bytes).
    Removing stm32f10x_tim.o(i.TIM_DMAConfig), (10 bytes).
    Removing stm32f10x_tim.o(i.TIM_DeInit), (488 bytes).
    Removing stm32f10x_tim.o(i.TIM_ETRClockMode1Config), (54 bytes).
    Removing stm32f10x_tim.o(i.TIM_ETRClockMode2Config), (32 bytes).
    Removing stm32f10x_tim.o(i.TIM_ETRConfig), (28 bytes).
    Removing stm32f10x_tim.o(i.TIM_EncoderInterfaceConfig), (66 bytes).
    Removing stm32f10x_tim.o(i.TIM_ForcedOC1Config), (18 bytes).
    Removing stm32f10x_tim.o(i.TIM_ForcedOC2Config), (26 bytes).
    Removing stm32f10x_tim.o(i.TIM_ForcedOC3Config), (18 bytes).
    Removing stm32f10x_tim.o(i.TIM_ForcedOC4Config), (26 bytes).
    Removing stm32f10x_tim.o(i.TIM_GenerateEvent), (4 bytes).
    Removing stm32f10x_tim.o(i.TIM_GetCapture1), (6 bytes).
    Removing stm32f10x_tim.o(i.TIM_GetCapture2), (6 bytes).
    Removing stm32f10x_tim.o(i.TIM_GetCapture3), (6 bytes).
    Removing stm32f10x_tim.o(i.TIM_GetCapture4), (8 bytes).
    Removing stm32f10x_tim.o(i.TIM_GetCounter), (6 bytes).
    Removing stm32f10x_tim.o(i.TIM_GetFlagStatus), (18 bytes).
    Removing stm32f10x_tim.o(i.TIM_GetPrescaler), (6 bytes).
    Removing stm32f10x_tim.o(i.TIM_ICInit), (172 bytes).
    Removing stm32f10x_tim.o(i.TIM_ICStructInit), (18 bytes).
    Removing stm32f10x_tim.o(i.TIM_ITRxExternalClockConfig), (24 bytes).
    Removing stm32f10x_tim.o(i.TIM_InternalClockConfig), (12 bytes).
    Removing stm32f10x_tim.o(i.TIM_OC1FastConfig), (18 bytes).
    Removing stm32f10x_tim.o(i.TIM_OC1Init), (152 bytes).
    Removing stm32f10x_tim.o(i.TIM_OC1NPolarityConfig), (18 bytes).
    Removing stm32f10x_tim.o(i.TIM_OC1PolarityConfig), (18 bytes).
    Removing stm32f10x_tim.o(i.TIM_OC1PreloadConfig), (18 bytes).
    Removing stm32f10x_tim.o(i.TIM_OC2FastConfig), (26 bytes).
    Removing stm32f10x_tim.o(i.TIM_OC2Init), (164 bytes).
    Removing stm32f10x_tim.o(i.TIM_OC2NPolarityConfig), (26 bytes).
    Removing stm32f10x_tim.o(i.TIM_OC2PolarityConfig), (26 bytes).
    Removing stm32f10x_tim.o(i.TIM_OC2PreloadConfig), (26 bytes).
    Removing stm32f10x_tim.o(i.TIM_OC3FastConfig), (18 bytes).
    Removing stm32f10x_tim.o(i.TIM_OC3Init), (160 bytes).
    Removing stm32f10x_tim.o(i.TIM_OC3NPolarityConfig), (26 bytes).
    Removing stm32f10x_tim.o(i.TIM_OC3PolarityConfig), (26 bytes).
    Removing stm32f10x_tim.o(i.TIM_OC3PreloadConfig), (18 bytes).
    Removing stm32f10x_tim.o(i.TIM_OC4FastConfig), (26 bytes).
    Removing stm32f10x_tim.o(i.TIM_OC4Init), (124 bytes).
    Removing stm32f10x_tim.o(i.TIM_OC4PolarityConfig), (26 bytes).
    Removing stm32f10x_tim.o(i.TIM_OC4PreloadConfig), (26 bytes).
    Removing stm32f10x_tim.o(i.TIM_OCStructInit), (20 bytes).
    Removing stm32f10x_tim.o(i.TIM_PWMIConfig), (124 bytes).
    Removing stm32f10x_tim.o(i.TIM_PrescalerConfig), (6 bytes).
    Removing stm32f10x_tim.o(i.TIM_SelectCCDMA), (24 bytes).
    Removing stm32f10x_tim.o(i.TIM_SelectCOM), (24 bytes).
    Removing stm32f10x_tim.o(i.TIM_SelectHallSensor), (24 bytes).
    Removing stm32f10x_tim.o(i.TIM_SelectInputTrigger), (18 bytes).
    Removing stm32f10x_tim.o(i.TIM_SelectMasterSlaveMode), (18 bytes).
    Removing stm32f10x_tim.o(i.TIM_SelectOCxM), (82 bytes).
    Removing stm32f10x_tim.o(i.TIM_SelectOnePulseMode), (18 bytes).
    Removing stm32f10x_tim.o(i.TIM_SelectOutputTrigger), (18 bytes).
    Removing stm32f10x_tim.o(i.TIM_SelectSlaveMode), (18 bytes).
    Removing stm32f10x_tim.o(i.TIM_SetAutoreload), (4 bytes).
    Removing stm32f10x_tim.o(i.TIM_SetClockDivision), (18 bytes).
    Removing stm32f10x_tim.o(i.TIM_SetCompare1), (4 bytes).
    Removing stm32f10x_tim.o(i.TIM_SetCompare2), (4 bytes).
    Removing stm32f10x_tim.o(i.TIM_SetCompare3), (4 bytes).
    Removing stm32f10x_tim.o(i.TIM_SetCompare4), (6 bytes).
    Removing stm32f10x_tim.o(i.TIM_SetCounter), (4 bytes).
    Removing stm32f10x_tim.o(i.TIM_SetIC1Prescaler), (18 bytes).
    Removing stm32f10x_tim.o(i.TIM_SetIC2Prescaler), (26 bytes).
    Removing stm32f10x_tim.o(i.TIM_SetIC3Prescaler), (18 bytes).
    Removing stm32f10x_tim.o(i.TIM_SetIC4Prescaler), (26 bytes).
    Removing stm32f10x_tim.o(i.TIM_TIxExternalClockConfig), (62 bytes).
    Removing stm32f10x_tim.o(i.TIM_TimeBaseStructInit), (18 bytes).
    Removing stm32f10x_tim.o(i.TIM_UpdateDisableConfig), (24 bytes).
    Removing stm32f10x_tim.o(i.TIM_UpdateRequestConfig), (24 bytes).
    Removing system_stm32f10x.o(.rev16_text), (4 bytes).
    Removing system_stm32f10x.o(.revsh_text), (4 bytes).
    Removing system_stm32f10x.o(i.SystemCoreClockUpdate), (164 bytes).
    Removing event_groups.o(i.prvTestWaitCondition), (30 bytes).
    Removing event_groups.o(i.uxEventGroupGetNumber), (14 bytes).
    Removing event_groups.o(i.vEventGroupClearBitsCallback), (16 bytes).
    Removing event_groups.o(i.vEventGroupDelete), (68 bytes).
    Removing event_groups.o(i.vEventGroupSetBitsCallback), (16 bytes).
    Removing event_groups.o(i.xEventGroupClearBits), (64 bytes).
    Removing event_groups.o(i.xEventGroupCreate), (26 bytes).
    Removing event_groups.o(i.xEventGroupGetBitsFromISR), (28 bytes).
    Removing event_groups.o(i.xEventGroupSetBits), (178 bytes).
    Removing event_groups.o(i.xEventGroupSync), (186 bytes).
    Removing event_groups.o(i.xEventGroupWaitBits), (238 bytes).
    Removing queue.o(i.prvCopyDataFromQueue), (42 bytes).
    Removing queue.o(i.prvCopyDataToQueue), (110 bytes).
    Removing queue.o(i.prvIsQueueEmpty), (26 bytes).
    Removing queue.o(i.prvIsQueueFull), (30 bytes).
    Removing queue.o(i.prvUnlockQueue), (126 bytes).
    Removing queue.o(i.ucQueueGetQueueType), (8 bytes).
    Removing queue.o(i.uxQueueGetQueueNumber), (6 bytes).
    Removing queue.o(i.uxQueueMessagesWaiting), (28 bytes).
    Removing queue.o(i.uxQueueMessagesWaitingFromISR), (20 bytes).
    Removing queue.o(i.uxQueueSpacesAvailable), (34 bytes).
    Removing queue.o(i.vQueueDelete), (24 bytes).
    Removing queue.o(i.vQueueSetQueueNumber), (4 bytes).
    Removing queue.o(i.xQueueGenericCreate), (106 bytes).
    Removing queue.o(i.xQueueGenericReceive), (290 bytes).
    Removing queue.o(i.xQueueGenericReset), (120 bytes).
    Removing queue.o(i.xQueueGenericSend), (296 bytes).
    Removing queue.o(i.xQueueGenericSendFromISR), (172 bytes).
    Removing queue.o(i.xQueueGiveFromISR), (148 bytes).
    Removing queue.o(i.xQueueIsQueueEmptyFromISR), (28 bytes).
    Removing queue.o(i.xQueueIsQueueFullFromISR), (32 bytes).
    Removing queue.o(i.xQueuePeekFromISR), (110 bytes).
    Removing queue.o(i.xQueueReceiveFromISR), (136 bytes).
    Removing tasks.o(i.prvTaskIsTaskSuspended), (76 bytes).
    Removing tasks.o(i.ulTaskNotifyTake), (180 bytes).
    Removing tasks.o(i.uxTaskGetNumberOfTasks), (12 bytes).
    Removing tasks.o(i.uxTaskGetTaskNumber), (14 bytes).
    Removing tasks.o(i.uxTaskPriorityGet), (36 bytes).
    Removing tasks.o(i.uxTaskPriorityGetFromISR), (48 bytes).
    Removing tasks.o(i.uxTaskResetEventItemValue), (28 bytes).
    Removing tasks.o(i.vTaskDelayUntil), (192 bytes).
    Removing tasks.o(i.vTaskDelete), (192 bytes).
    Removing tasks.o(i.vTaskEndScheduler), (24 bytes).
    Removing tasks.o(i.vTaskMissedYield), (12 bytes).
    Removing tasks.o(i.vTaskNotifyGiveFromISR), (180 bytes).
    Removing tasks.o(i.vTaskPlaceOnEventList), (112 bytes).
    Removing tasks.o(i.vTaskPlaceOnUnorderedEventList), (152 bytes).
    Removing tasks.o(i.vTaskPrioritySet), (236 bytes).
    Removing tasks.o(i.vTaskResume), (116 bytes).
    Removing tasks.o(i.vTaskSetTaskNumber), (8 bytes).
    Removing tasks.o(i.vTaskSetTimeOutState), (36 bytes).
    Removing tasks.o(i.vTaskSuspend), (200 bytes).
    Removing tasks.o(i.xTaskCheckForTimeOut), (116 bytes).
    Removing tasks.o(i.xTaskGenericNotify), (216 bytes).
    Removing tasks.o(i.xTaskGenericNotifyFromISR), (260 bytes).
    Removing tasks.o(i.xTaskGetTickCount), (12 bytes).
    Removing tasks.o(i.xTaskGetTickCountFromISR), (20 bytes).
    Removing tasks.o(i.xTaskNotifyStateClear), (56 bytes).
    Removing tasks.o(i.xTaskNotifyWait), (212 bytes).
    Removing tasks.o(i.xTaskRemoveFromEventList), (140 bytes).
    Removing tasks.o(i.xTaskRemoveFromUnorderedEventList), (148 bytes).
    Removing tasks.o(i.xTaskResumeFromISR), (148 bytes).
    Removing port.o(i.vPortEndScheduler), (36 bytes).
    Removing port.o(i.vPortValidateInterruptPriority), (92 bytes).
    Removing heap_4.o(i.vPortInitialiseBlocks), (2 bytes).
    Removing heap_4.o(i.xPortGetFreeHeapSize), (12 bytes).
    Removing heap_4.o(i.xPortGetMinimumEverFreeHeapSize), (12 bytes).
    Removing dadd.o(.text), (334 bytes).
    Removing dmul.o(.text), (228 bytes).
    Removing ddiv.o(.text), (222 bytes).
    Removing dfixul.o(.text), (48 bytes).
    Removing cdrcmple.o(.text), (48 bytes).
    Removing depilogue.o(.text), (186 bytes).

318 unused section(s) (total 17274 bytes) removed from the image.

==============================================================================

Image Symbol Table

    Local Symbols

    Symbol Name                              Value     Ov Type        Size  Object(Section)

    ../clib/microlib/division.c              0x00000000   Number         0  uidiv.o ABSOLUTE
    ../clib/microlib/division.c              0x00000000   Number         0  uldiv.o ABSOLUTE
    ../clib/microlib/init/entry.s            0x00000000   Number         0  entry7b.o ABSOLUTE
    ../clib/microlib/init/entry.s            0x00000000   Number         0  entry11b.o ABSOLUTE
    ../clib/microlib/init/entry.s            0x00000000   Number         0  entry11a.o ABSOLUTE
    ../clib/microlib/init/entry.s            0x00000000   Number         0  entry10b.o ABSOLUTE
    ../clib/microlib/init/entry.s            0x00000000   Number         0  entry7a.o ABSOLUTE
    ../clib/microlib/init/entry.s            0x00000000   Number         0  entry10a.o ABSOLUTE
    ../clib/microlib/init/entry.s            0x00000000   Number         0  entry9b.o ABSOLUTE
    ../clib/microlib/init/entry.s            0x00000000   Number         0  entry8a.o ABSOLUTE
    ../clib/microlib/init/entry.s            0x00000000   Number         0  entry9a.o ABSOLUTE
    ../clib/microlib/init/entry.s            0x00000000   Number         0  entry5.o ABSOLUTE
    ../clib/microlib/init/entry.s            0x00000000   Number         0  entry8b.o ABSOLUTE
    ../clib/microlib/init/entry.s            0x00000000   Number         0  entry2.o ABSOLUTE
    ../clib/microlib/init/entry.s            0x00000000   Number         0  entry.o ABSOLUTE
    ../clib/microlib/longlong.c              0x00000000   Number         0  llsshr.o ABSOLUTE
    ../clib/microlib/longlong.c              0x00000000   Number         0  llushr.o ABSOLUTE
    ../clib/microlib/longlong.c              0x00000000   Number         0  llshl.o ABSOLUTE
    ../clib/microlib/printf/printf.c         0x00000000   Number         0  printfb.o ABSOLUTE
    ../clib/microlib/printf/printf.c         0x00000000   Number         0  printf4.o ABSOLUTE
    ../clib/microlib/printf/printf.c         0x00000000   Number         0  printf0.o ABSOLUTE
    ../clib/microlib/printf/printf.c         0x00000000   Number         0  printf1.o ABSOLUTE
    ../clib/microlib/printf/printf.c         0x00000000   Number         0  printf2.o ABSOLUTE
    ../clib/microlib/printf/printf.c         0x00000000   Number         0  printf3.o ABSOLUTE
    ../clib/microlib/printf/printf.c         0x00000000   Number         0  printfa.o ABSOLUTE
    ../clib/microlib/printf/printf.c         0x00000000   Number         0  printf8.o ABSOLUTE
    ../clib/microlib/printf/printf.c         0x00000000   Number         0  printf7.o ABSOLUTE
    ../clib/microlib/printf/printf.c         0x00000000   Number         0  printf6.o ABSOLUTE
    ../clib/microlib/printf/printf.c         0x00000000   Number         0  printf5.o ABSOLUTE
    ../clib/microlib/printf/stubs.s          0x00000000   Number         0  stubs.o ABSOLUTE
    ../clib/microlib/stdio/streams.c         0x00000000   Number         0  stdout.o ABSOLUTE
    ../clib/microlib/string/memcpy.c         0x00000000   Number         0  memcpyb.o ABSOLUTE
    ../clib/microlib/string/memcpy.c         0x00000000   Number         0  memcpya.o ABSOLUTE
    ../clib/microlib/string/memset.c         0x00000000   Number         0  memseta.o ABSOLUTE
    ../clib/microlib/string/strcpy.c         0x00000000   Number         0  strcpy.o ABSOLUTE
    ../clib/microlib/string/strlen.c         0x00000000   Number         0  strlen.o ABSOLUTE
    ../clib/microlib/stubs.s                 0x00000000   Number         0  iusefp.o ABSOLUTE
    ../fplib/microlib/fpadd.c                0x00000000   Number         0  dadd.o ABSOLUTE
    ../fplib/microlib/fpdiv.c                0x00000000   Number         0  ddiv.o ABSOLUTE
    ../fplib/microlib/fpepilogue.c           0x00000000   Number         0  depilogue.o ABSOLUTE
    ../fplib/microlib/fpfix.c                0x00000000   Number         0  dfixul.o ABSOLUTE
    ../fplib/microlib/fpmul.c                0x00000000   Number         0  dmul.o ABSOLUTE
    ..\..\FreeRTOS\croutine.c                0x00000000   Number         0  croutine.o ABSOLUTE
    ..\..\FreeRTOS\event_groups.c            0x00000000   Number         0  event_groups.o ABSOLUTE
    ..\..\FreeRTOS\list.c                    0x00000000   Number         0  list.o ABSOLUTE
    ..\..\FreeRTOS\portable\MemMang\heap_4.c 0x00000000   Number         0  heap_4.o ABSOLUTE
    ..\..\FreeRTOS\portable\RVDS\ARM_CM3\port.c 0x00000000   Number         0  port.o ABSOLUTE
    ..\..\FreeRTOS\queue.c                   0x00000000   Number         0  queue.o ABSOLUTE
    ..\..\FreeRTOS\tasks.c                   0x00000000   Number         0  tasks.o ABSOLUTE
    ..\..\FreeRTOS\timers.c                  0x00000000   Number         0  timers.o ABSOLUTE
    ..\..\Libraries\CMSIS\Device\ST\STM32F10x\Source\Templates\arm\startup_stm32f10x_hd.s 0x00000000   Number         0  startup_stm32f10x_hd.o ABSOLUTE
    ..\..\Libraries\STM32F10x_StdPeriph_Driver\src\misc.c 0x00000000   Number         0  misc.o ABSOLUTE
    ..\..\Libraries\STM32F10x_StdPeriph_Driver\src\stm32f10x_flash.c 0x00000000   Number         0  stm32f10x_flash.o ABSOLUTE
    ..\..\Libraries\STM32F10x_StdPeriph_Driver\src\stm32f10x_gpio.c 0x00000000   Number         0  stm32f10x_gpio.o ABSOLUTE
    ..\..\Libraries\STM32F10x_StdPeriph_Driver\src\stm32f10x_rcc.c 0x00000000   Number         0  stm32f10x_rcc.o ABSOLUTE
    ..\..\Libraries\STM32F10x_StdPeriph_Driver\src\stm32f10x_tim.c 0x00000000   Number         0  stm32f10x_tim.o ABSOLUTE
    ..\..\Libraries\STM32F10x_StdPeriph_Driver\src\stm32f10x_usart.c 0x00000000   Number         0  stm32f10x_usart.o ABSOLUTE
    ..\..\User\SysInfoTest.c                 0x00000000   Number         0  sysinfotest.o ABSOLUTE
    ..\..\User\bsp\bsp.c                     0x00000000   Number         0  bsp.o ABSOLUTE
    ..\..\User\bsp\src\bsp_key.c             0x00000000   Number         0  bsp_key.o ABSOLUTE
    ..\..\User\bsp\src\bsp_led.c             0x00000000   Number         0  bsp_led.o ABSOLUTE
    ..\..\User\bsp\src\bsp_tim_pwm.c         0x00000000   Number         0  bsp_tim_pwm.o ABSOLUTE
    ..\..\User\bsp\src\bsp_uart_fifo.c       0x00000000   Number         0  bsp_uart_fifo.o ABSOLUTE
    ..\..\User\bsp\stm32f10x_assert.c        0x00000000   Number         0  stm32f10x_assert.o ABSOLUTE
    ..\..\User\bsp\stm32f10x_it.c            0x00000000   Number         0  stm32f10x_it.o ABSOLUTE
    ..\..\User\bsp\system_stm32f10x.c        0x00000000   Number         0  system_stm32f10x.o ABSOLUTE
    ..\..\User\main.c                        0x00000000   Number         0  main.o ABSOLUTE
    ..\\..\\FreeRTOS\\portable\\RVDS\\ARM_CM3\\port.c 0x00000000   Number         0  port.o ABSOLUTE
    ..\\..\\Libraries\\STM32F10x_StdPeriph_Driver\\src\\misc.c 0x00000000   Number         0  misc.o ABSOLUTE
    ..\\..\\Libraries\\STM32F10x_StdPeriph_Driver\\src\\stm32f10x_flash.c 0x00000000   Number         0  stm32f10x_flash.o ABSOLUTE
    ..\\..\\Libraries\\STM32F10x_StdPeriph_Driver\\src\\stm32f10x_gpio.c 0x00000000   Number         0  stm32f10x_gpio.o ABSOLUTE
    ..\\..\\Libraries\\STM32F10x_StdPeriph_Driver\\src\\stm32f10x_rcc.c 0x00000000   Number         0  stm32f10x_rcc.o ABSOLUTE
    ..\\..\\Libraries\\STM32F10x_StdPeriph_Driver\\src\\stm32f10x_tim.c 0x00000000   Number         0  stm32f10x_tim.o ABSOLUTE
    ..\\..\\Libraries\\STM32F10x_StdPeriph_Driver\\src\\stm32f10x_usart.c 0x00000000   Number         0  stm32f10x_usart.o ABSOLUTE
    ..\\..\\User\\SysInfoTest.c              0x00000000   Number         0  sysinfotest.o ABSOLUTE
    ..\\..\\User\\bsp\\bsp.c                 0x00000000   Number         0  bsp.o ABSOLUTE
    ..\\..\\User\\bsp\\src\\bsp_key.c        0x00000000   Number         0  bsp_key.o ABSOLUTE
    ..\\..\\User\\bsp\\src\\bsp_led.c        0x00000000   Number         0  bsp_led.o ABSOLUTE
    ..\\..\\User\\bsp\\src\\bsp_tim_pwm.c    0x00000000   Number         0  bsp_tim_pwm.o ABSOLUTE
    ..\\..\\User\\bsp\\src\\bsp_uart_fifo.c  0x00000000   Number         0  bsp_uart_fifo.o ABSOLUTE
    ..\\..\\User\\bsp\\stm32f10x_assert.c    0x00000000   Number         0  stm32f10x_assert.o ABSOLUTE
    ..\\..\\User\\bsp\\stm32f10x_it.c        0x00000000   Number         0  stm32f10x_it.o ABSOLUTE
    ..\\..\\User\\bsp\\system_stm32f10x.c    0x00000000   Number         0  system_stm32f10x.o ABSOLUTE
    ..\\..\\User\\main.c                     0x00000000   Number         0  main.o ABSOLUTE
    cdrcmple.s                               0x00000000   Number         0  cdrcmple.o ABSOLUTE
    dc.s                                     0x00000000   Number         0  dc.o ABSOLUTE
    handlers.s                               0x00000000   Number         0  handlers.o ABSOLUTE
    init.s                                   0x00000000   Number         0  init.o ABSOLUTE
    RESET                                    0x08000000   Section      304  startup_stm32f10x_hd.o(RESET)
    .ARM.Collect$$$$00000000                 0x08000130   Section        0  entry.o(.ARM.Collect$$$$00000000)
    .ARM.Collect$$$$00000001                 0x08000130   Section        4  entry2.o(.ARM.Collect$$$$00000001)
    .ARM.Collect$$$$00000004                 0x08000134   Section        4  entry5.o(.ARM.Collect$$$$00000004)
    .ARM.Collect$$$$00000008                 0x08000138   Section        0  entry7b.o(.ARM.Collect$$$$00000008)
    .ARM.Collect$$$$0000000A                 0x08000138   Section        0  entry8b.o(.ARM.Collect$$$$0000000A)
    .ARM.Collect$$$$0000000B                 0x08000138   Section        8  entry9a.o(.ARM.Collect$$$$0000000B)
    .ARM.Collect$$$$0000000D                 0x08000140   Section        0  entry10a.o(.ARM.Collect$$$$0000000D)
    .ARM.Collect$$$$0000000F                 0x08000140   Section        0  entry11a.o(.ARM.Collect$$$$0000000F)
    .ARM.Collect$$$$00002712                 0x08000140   Section        4  entry2.o(.ARM.Collect$$$$00002712)
    __lit__00000000                          0x08000140   Data           4  entry2.o(.ARM.Collect$$$$00002712)
    .emb_text                                0x08000144   Section      162  port.o(.emb_text)
    .text                                    0x080001e8   Section       36  startup_stm32f10x_hd.o(.text)
    .text                                    0x0800020c   Section        0  memseta.o(.text)
    .text                                    0x08000230   Section        0  strlen.o(.text)
    .text                                    0x0800023e   Section        0  strcpy.o(.text)
    .text                                    0x08000250   Section        0  uidiv.o(.text)
    .text                                    0x0800027c   Section       36  init.o(.text)
    i.AppTaskCreate                          0x080002a0   Section        0  main.o(i.AppTaskCreate)
    AppTaskCreate                            0x080002a1   Thumb Code   116  main.o(i.AppTaskCreate)
    i.BusFault_Handler                       0x08000364   Section        0  stm32f10x_it.o(i.BusFault_Handler)
    i.ComToUart                              0x08000368   Section        0  bsp_uart_fifo.o(i.ComToUart)
    i.ConfigUartNVIC                         0x08000398   Section        0  bsp_uart_fifo.o(i.ConfigUartNVIC)
    ConfigUartNVIC                           0x08000399   Thumb Code    34  bsp_uart_fifo.o(i.ConfigUartNVIC)
    i.DebugMon_Handler                       0x080003ba   Section        0  stm32f10x_it.o(i.DebugMon_Handler)
    i.GPIO_Init                              0x080003bc   Section        0  stm32f10x_gpio.o(i.GPIO_Init)
    i.HardFault_Handler                      0x080004d4   Section        0  stm32f10x_it.o(i.HardFault_Handler)
    i.InitHardUart                           0x0800052c   Section        0  bsp_uart_fifo.o(i.InitHardUart)
    InitHardUart                             0x0800052d   Thumb Code   140  bsp_uart_fifo.o(i.InitHardUart)
    i.IsKeyDown1                             0x080005c0   Section        0  bsp_key.o(i.IsKeyDown1)
    IsKeyDown1                               0x080005c1   Thumb Code    38  bsp_key.o(i.IsKeyDown1)
    i.IsKeyDown10                            0x080005f4   Section        0  bsp_key.o(i.IsKeyDown10)
    IsKeyDown10                              0x080005f5   Thumb Code    38  bsp_key.o(i.IsKeyDown10)
    i.IsKeyDown2                             0x08000628   Section        0  bsp_key.o(i.IsKeyDown2)
    IsKeyDown2                               0x08000629   Thumb Code    38  bsp_key.o(i.IsKeyDown2)
    i.IsKeyDown3                             0x0800065c   Section        0  bsp_key.o(i.IsKeyDown3)
    IsKeyDown3                               0x0800065d   Thumb Code    38  bsp_key.o(i.IsKeyDown3)
    i.IsKeyDown4                             0x08000690   Section        0  bsp_key.o(i.IsKeyDown4)
    IsKeyDown4                               0x08000691   Thumb Code    18  bsp_key.o(i.IsKeyDown4)
    i.IsKeyDown5                             0x080006a8   Section        0  bsp_key.o(i.IsKeyDown5)
    IsKeyDown5                               0x080006a9   Thumb Code    18  bsp_key.o(i.IsKeyDown5)
    i.IsKeyDown6                             0x080006c0   Section        0  bsp_key.o(i.IsKeyDown6)
    IsKeyDown6                               0x080006c1   Thumb Code    18  bsp_key.o(i.IsKeyDown6)
    i.IsKeyDown7                             0x080006d8   Section        0  bsp_key.o(i.IsKeyDown7)
    IsKeyDown7                               0x080006d9   Thumb Code    18  bsp_key.o(i.IsKeyDown7)
    i.IsKeyDown8                             0x080006f0   Section        0  bsp_key.o(i.IsKeyDown8)
    IsKeyDown8                               0x080006f1   Thumb Code    18  bsp_key.o(i.IsKeyDown8)
    i.IsKeyDown9                             0x08000708   Section        0  bsp_key.o(i.IsKeyDown9)
    IsKeyDown9                               0x08000709   Thumb Code    38  bsp_key.o(i.IsKeyDown9)
    i.MemManage_Handler                      0x0800073c   Section        0  stm32f10x_it.o(i.MemManage_Handler)
    i.NMI_Handler                            0x08000740   Section        0  stm32f10x_it.o(i.NMI_Handler)
    i.NVIC_Init                              0x08000744   Section        0  misc.o(i.NVIC_Init)
    i.NVIC_PriorityGroupConfig               0x080007b4   Section        0  misc.o(i.NVIC_PriorityGroupConfig)
    i.RCC_APB1PeriphClockCmd                 0x080007c8   Section        0  stm32f10x_rcc.o(i.RCC_APB1PeriphClockCmd)
    i.RCC_APB2PeriphClockCmd                 0x080007e8   Section        0  stm32f10x_rcc.o(i.RCC_APB2PeriphClockCmd)
    i.RCC_GetClocksFreq                      0x08000808   Section        0  stm32f10x_rcc.o(i.RCC_GetClocksFreq)
    i.RS485_InitTXE                          0x080008dc   Section        0  bsp_uart_fifo.o(i.RS485_InitTXE)
    i.SetSysClock                            0x08000908   Section        0  system_stm32f10x.o(i.SetSysClock)
    SetSysClock                              0x08000909   Thumb Code     8  system_stm32f10x.o(i.SetSysClock)
    i.SetSysClockTo72                        0x08000910   Section        0  system_stm32f10x.o(i.SetSysClockTo72)
    SetSysClockTo72                          0x08000911   Thumb Code   214  system_stm32f10x.o(i.SetSysClockTo72)
    i.SysTick_Handler                        0x080009f0   Section        0  port.o(i.SysTick_Handler)
    i.SystemInit                             0x08000a10   Section        0  system_stm32f10x.o(i.SystemInit)
    i.TIM6_IRQHandler                        0x08000a70   Section        0  sysinfotest.o(i.TIM6_IRQHandler)
    i.TIM_ARRPreloadConfig                   0x08000a98   Section        0  stm32f10x_tim.o(i.TIM_ARRPreloadConfig)
    i.TIM_ClearITPendingBit                  0x08000ab0   Section        0  stm32f10x_tim.o(i.TIM_ClearITPendingBit)
    i.TIM_Cmd                                0x08000ab6   Section        0  stm32f10x_tim.o(i.TIM_Cmd)
    i.TIM_GetITStatus                        0x08000ace   Section        0  stm32f10x_tim.o(i.TIM_GetITStatus)
    i.TIM_ITConfig                           0x08000af0   Section        0  stm32f10x_tim.o(i.TIM_ITConfig)
    i.TIM_TimeBaseInit                       0x08000b04   Section        0  stm32f10x_tim.o(i.TIM_TimeBaseInit)
    i.USART1_IRQHandler                      0x08000ba8   Section        0  bsp_uart_fifo.o(i.USART1_IRQHandler)
    i.USART_ClearFlag                        0x08000bb8   Section        0  stm32f10x_usart.o(i.USART_ClearFlag)
    i.USART_Cmd                              0x08000bca   Section        0  stm32f10x_usart.o(i.USART_Cmd)
    i.USART_GetITStatus                      0x08000be2   Section        0  stm32f10x_usart.o(i.USART_GetITStatus)
    i.USART_ITConfig                         0x08000c36   Section        0  stm32f10x_usart.o(i.USART_ITConfig)
    i.USART_Init                             0x08000c80   Section        0  stm32f10x_usart.o(i.USART_Init)
    i.USART_ReceiveData                      0x08000d58   Section        0  stm32f10x_usart.o(i.USART_ReceiveData)
    i.USART_SendData                         0x08000d62   Section        0  stm32f10x_usart.o(i.USART_SendData)
    i.UartIRQ                                0x08000d6a   Section        0  bsp_uart_fifo.o(i.UartIRQ)
    UartIRQ                                  0x08000d6b   Thumb Code   230  bsp_uart_fifo.o(i.UartIRQ)
    i.UartSend                               0x08000e50   Section        0  bsp_uart_fifo.o(i.UartSend)
    UartSend                                 0x08000e51   Thumb Code   106  bsp_uart_fifo.o(i.UartSend)
    i.UartVarInit                            0x08000ebc   Section        0  bsp_uart_fifo.o(i.UartVarInit)
    UartVarInit                              0x08000ebd   Thumb Code    44  bsp_uart_fifo.o(i.UartVarInit)
    i.UsageFault_Handler                     0x08000ef8   Section        0  stm32f10x_it.o(i.UsageFault_Handler)
    i.__0printf$3                            0x08000efc   Section        0  printf3.o(i.__0printf$3)
    i.__0sprintf$3                           0x08000f1c   Section        0  printf3.o(i.__0sprintf$3)
    i.__scatterload_copy                     0x08000f44   Section       14  handlers.o(i.__scatterload_copy)
    i.__scatterload_null                     0x08000f52   Section        2  handlers.o(i.__scatterload_null)
    i.__scatterload_zeroinit                 0x08000f54   Section       14  handlers.o(i.__scatterload_zeroinit)
    i._printf_core                           0x08000f64   Section        0  printf3.o(i._printf_core)
    _printf_core                             0x08000f65   Thumb Code   436  printf3.o(i._printf_core)
    i._sputc                                 0x0800111c   Section        0  printf3.o(i._sputc)
    _sputc                                   0x0800111d   Thumb Code    10  printf3.o(i._sputc)
    i.bsp_GetKey                             0x08001128   Section        0  bsp_key.o(i.bsp_GetKey)
    i.bsp_GetRCCofTIM                        0x0800115c   Section        0  bsp_tim_pwm.o(i.bsp_GetRCCofTIM)
    i.bsp_Init                               0x08001228   Section        0  bsp.o(i.bsp_Init)
    i.bsp_InitKey                            0x08001240   Section        0  bsp_key.o(i.bsp_InitKey)
    i.bsp_InitKeyHard                        0x0800124c   Section        0  bsp_key.o(i.bsp_InitKeyHard)
    bsp_InitKeyHard                          0x0800124d   Thumb Code   146  bsp_key.o(i.bsp_InitKeyHard)
    i.bsp_InitKeyVar                         0x080012f0   Section        0  bsp_key.o(i.bsp_InitKeyVar)
    bsp_InitKeyVar                           0x080012f1   Thumb Code   164  bsp_key.o(i.bsp_InitKeyVar)
    i.bsp_InitLed                            0x080013c4   Section        0  bsp_led.o(i.bsp_InitLed)
    i.bsp_InitUart                           0x08001434   Section        0  bsp_uart_fifo.o(i.bsp_InitUart)
    i.bsp_LedOff                             0x08001448   Section        0  bsp_led.o(i.bsp_LedOff)
    i.bsp_LedToggle                          0x08001484   Section        0  bsp_led.o(i.bsp_LedToggle)
    i.bsp_SetTIMforInt                       0x080014d0   Section        0  bsp_tim_pwm.o(i.bsp_SetTIMforInt)
    i.comSendBuf                             0x080016dc   Section        0  bsp_uart_fifo.o(i.comSendBuf)
    i.comSendChar                            0x0800170a   Section        0  bsp_uart_fifo.o(i.comSendChar)
    i.fputc                                  0x0800171a   Section        0  bsp_uart_fifo.o(i.fputc)
    i.main                                   0x0800172c   Section        0  main.o(i.main)
    i.prvAddCurrentTaskToDelayedList         0x08001748   Section        0  tasks.o(i.prvAddCurrentTaskToDelayedList)
    prvAddCurrentTaskToDelayedList           0x08001749   Thumb Code    62  tasks.o(i.prvAddCurrentTaskToDelayedList)
    i.prvAllocateTCBAndStack                 0x0800179c   Section        0  tasks.o(i.prvAllocateTCBAndStack)
    prvAllocateTCBAndStack                   0x0800179d   Thumb Code    66  tasks.o(i.prvAllocateTCBAndStack)
    i.prvCheckTasksWaitingTermination        0x080017e0   Section        0  tasks.o(i.prvCheckTasksWaitingTermination)
    prvCheckTasksWaitingTermination          0x080017e1   Thumb Code    86  tasks.o(i.prvCheckTasksWaitingTermination)
    i.prvDeleteTCB                           0x08001844   Section        0  tasks.o(i.prvDeleteTCB)
    prvDeleteTCB                             0x08001845   Thumb Code    18  tasks.o(i.prvDeleteTCB)
    i.prvHeapInit                            0x08001858   Section        0  heap_4.o(i.prvHeapInit)
    prvHeapInit                              0x08001859   Thumb Code    98  heap_4.o(i.prvHeapInit)
    i.prvIdleTask                            0x080018d4   Section        0  tasks.o(i.prvIdleTask)
    prvIdleTask                              0x080018d5   Thumb Code    20  tasks.o(i.prvIdleTask)
    i.prvInitialiseTCBVariables              0x080018ec   Section        0  tasks.o(i.prvInitialiseTCBVariables)
    prvInitialiseTCBVariables                0x080018ed   Thumb Code    94  tasks.o(i.prvInitialiseTCBVariables)
    i.prvInitialiseTaskLists                 0x0800194c   Section        0  tasks.o(i.prvInitialiseTaskLists)
    prvInitialiseTaskLists                   0x0800194d   Thumb Code    70  tasks.o(i.prvInitialiseTaskLists)
    i.prvInsertBlockIntoFreeList             0x080019b4   Section        0  heap_4.o(i.prvInsertBlockIntoFreeList)
    prvInsertBlockIntoFreeList               0x080019b5   Thumb Code    96  heap_4.o(i.prvInsertBlockIntoFreeList)
    i.prvListTaskWithinSingleList            0x08001a1c   Section        0  tasks.o(i.prvListTaskWithinSingleList)
    prvListTaskWithinSingleList              0x08001a1d   Thumb Code   176  tasks.o(i.prvListTaskWithinSingleList)
    i.prvResetNextTaskUnblockTime            0x08001acc   Section        0  tasks.o(i.prvResetNextTaskUnblockTime)
    prvResetNextTaskUnblockTime              0x08001acd   Thumb Code    42  tasks.o(i.prvResetNextTaskUnblockTime)
    i.prvTaskCheckFreeStackSpace             0x08001b00   Section        0  tasks.o(i.prvTaskCheckFreeStackSpace)
    prvTaskCheckFreeStackSpace               0x08001b01   Thumb Code    22  tasks.o(i.prvTaskCheckFreeStackSpace)
    i.prvTaskExitError                       0x08001b18   Section        0  port.o(i.prvTaskExitError)
    prvTaskExitError                         0x08001b19   Thumb Code    32  port.o(i.prvTaskExitError)
    i.prvWriteNameToBuffer                   0x08001b3c   Section        0  tasks.o(i.prvWriteNameToBuffer)
    prvWriteNameToBuffer                     0x08001b3d   Thumb Code    42  tasks.o(i.prvWriteNameToBuffer)
    i.pvPortMalloc                           0x08001b68   Section        0  heap_4.o(i.pvPortMalloc)
    i.pxPortInitialiseStack                  0x08001c7c   Section        0  port.o(i.pxPortInitialiseStack)
    i.uxListRemove                           0x08001c9c   Section        0  list.o(i.uxListRemove)
    i.uxTaskGetSystemState                   0x08001cc4   Section        0  tasks.o(i.uxTaskGetSystemState)
    i.vListInitialise                        0x08001d68   Section        0  list.o(i.vListInitialise)
    i.vListInitialiseItem                    0x08001d82   Section        0  list.o(i.vListInitialiseItem)
    i.vListInsert                            0x08001d88   Section        0  list.o(i.vListInsert)
    i.vListInsertEnd                         0x08001dbc   Section        0  list.o(i.vListInsertEnd)
    i.vPortEnterCritical                     0x08001dd4   Section        0  port.o(i.vPortEnterCritical)
    i.vPortExitCritical                      0x08001e18   Section        0  port.o(i.vPortExitCritical)
    i.vPortFree                              0x08001e44   Section        0  heap_4.o(i.vPortFree)
    i.vPortSetupTimerInterrupt               0x08001ebc   Section        0  port.o(i.vPortSetupTimerInterrupt)
    i.vPortYield                             0x08001ed0   Section        0  port.o(i.vPortYield)
    i.vSetupSysInfoTest                      0x08001ee8   Section        0  sysinfotest.o(i.vSetupSysInfoTest)
    i.vTaskDelay                             0x08001f00   Section        0  tasks.o(i.vTaskDelay)
    i.vTaskGetRunTimeStats                   0x08001f70   Section        0  tasks.o(i.vTaskGetRunTimeStats)
    i.vTaskLED                               0x08002030   Section        0  main.o(i.vTaskLED)
    vTaskLED                                 0x08002031   Thumb Code    16  main.o(i.vTaskLED)
    i.vTaskList                              0x08002040   Section        0  tasks.o(i.vTaskList)
    i.vTaskMsgPro                            0x08002108   Section        0  main.o(i.vTaskMsgPro)
    vTaskMsgPro                              0x08002109   Thumb Code    18  main.o(i.vTaskMsgPro)
    i.vTaskStart                             0x0800211c   Section        0  main.o(i.vTaskStart)
    vTaskStart                               0x0800211d   Thumb Code    18  main.o(i.vTaskStart)
    i.vTaskStartScheduler                    0x08002148   Section        0  tasks.o(i.vTaskStartScheduler)
    i.vTaskSuspendAll                        0x080021b0   Section        0  tasks.o(i.vTaskSuspendAll)
    i.vTaskSwitchContext                     0x080021c0   Section        0  tasks.o(i.vTaskSwitchContext)
    i.vTaskTaskUserIF                        0x08002280   Section        0  main.o(i.vTaskTaskUserIF)
    vTaskTaskUserIF                          0x08002281   Thumb Code    78  main.o(i.vTaskTaskUserIF)
    i.xPortStartScheduler                    0x08002368   Section        0  port.o(i.xPortStartScheduler)
    i.xTaskGenericCreate                     0x08002408   Section        0  tasks.o(i.xTaskGenericCreate)
    i.xTaskIncrementTick                     0x08002540   Section        0  tasks.o(i.xTaskIncrementTick)
    i.xTaskResumeAll                         0x0800267c   Section        0  tasks.o(i.xTaskResumeAll)
    .data                                    0x20000000   Section       16  main.o(.data)
    xHandleTaskUserIF                        0x20000000   Data           4  main.o(.data)
    xHandleTaskLED                           0x20000004   Data           4  main.o(.data)
    xHandleTaskMsgPro                        0x20000008   Data           4  main.o(.data)
    xHandleTaskStart                         0x2000000c   Data           4  main.o(.data)
    .data                                    0x20000010   Section        4  sysinfotest.o(.data)
    .data                                    0x20000014   Section       20  stm32f10x_rcc.o(.data)
    APBAHBPrescTable                         0x20000014   Data          16  stm32f10x_rcc.o(.data)
    ADCPrescTable                            0x20000024   Data           4  stm32f10x_rcc.o(.data)
    .data                                    0x20000028   Section       20  system_stm32f10x.o(.data)
    .data                                    0x2000003c   Section       64  tasks.o(.data)
    pxDelayedTaskList                        0x20000040   Data           4  tasks.o(.data)
    pxOverflowDelayedTaskList                0x20000044   Data           4  tasks.o(.data)
    uxTasksDeleted                           0x20000048   Data           4  tasks.o(.data)
    uxCurrentNumberOfTasks                   0x2000004c   Data           4  tasks.o(.data)
    xTickCount                               0x20000050   Data           4  tasks.o(.data)
    uxTopReadyPriority                       0x20000054   Data           4  tasks.o(.data)
    xSchedulerRunning                        0x20000058   Data           4  tasks.o(.data)
    uxPendedTicks                            0x2000005c   Data           4  tasks.o(.data)
    xYieldPending                            0x20000060   Data           4  tasks.o(.data)
    xNumOfOverflows                          0x20000064   Data           4  tasks.o(.data)
    uxTaskNumber                             0x20000068   Data           4  tasks.o(.data)
    xNextTaskUnblockTime                     0x2000006c   Data           4  tasks.o(.data)
    uxSchedulerSuspended                     0x20000070   Data           4  tasks.o(.data)
    ulTaskSwitchedInTime                     0x20000074   Data           4  tasks.o(.data)
    ulTotalRunTime                           0x20000078   Data           4  tasks.o(.data)
    .data                                    0x2000007c   Section       12  port.o(.data)
    uxCriticalNesting                        0x2000007c   Data           4  port.o(.data)
    ucMaxSysCallPriority                     0x20000080   Data           1  port.o(.data)
    ulMaxPRIGROUPValue                       0x20000084   Data           4  port.o(.data)
    .data                                    0x20000088   Section       24  heap_4.o(.data)
    xStart                                   0x20000088   Data           8  heap_4.o(.data)
    pxEnd                                    0x20000090   Data           4  heap_4.o(.data)
    xFreeBytesRemaining                      0x20000094   Data           4  heap_4.o(.data)
    xMinimumEverFreeBytesRemaining           0x20000098   Data           4  heap_4.o(.data)
    xBlockAllocatedBit                       0x2000009c   Data           4  heap_4.o(.data)
    .data                                    0x200000a0   Section        4  stdout.o(.data)
    .bss                                     0x200000a4   Section      173  bsp_key.o(.bss)
    s_tBtn                                   0x200000a4   Data         160  bsp_key.o(.bss)
    s_tKey                                   0x20000144   Data          13  bsp_key.o(.bss)
    .bss                                     0x20000154   Section     2088  bsp_uart_fifo.o(.bss)
    g_tUart1                                 0x20000154   Data          40  bsp_uart_fifo.o(.bss)
    g_TxBuf1                                 0x2000017c   Data        1024  bsp_uart_fifo.o(.bss)
    g_RxBuf1                                 0x2000057c   Data        1024  bsp_uart_fifo.o(.bss)
    .bss                                     0x2000097c   Section      200  tasks.o(.bss)
    pxReadyTasksLists                        0x2000097c   Data         100  tasks.o(.bss)
    xDelayedTaskList1                        0x200009e0   Data          20  tasks.o(.bss)
    xDelayedTaskList2                        0x200009f4   Data          20  tasks.o(.bss)
    xPendingReadyList                        0x20000a08   Data          20  tasks.o(.bss)
    xTasksWaitingTermination                 0x20000a1c   Data          20  tasks.o(.bss)
    xSuspendedTaskList                       0x20000a30   Data          20  tasks.o(.bss)
    .bss                                     0x20000a44   Section    17408  heap_4.o(.bss)
    ucHeap                                   0x20000a44   Data       17408  heap_4.o(.bss)
    STACK                                    0x20004e48   Section     2048  startup_stm32f10x_hd.o(STACK)

    Global Symbols

    Symbol Name                              Value     Ov Type        Size  Object(Section)

    BuildAttributes$$THM_ISAv4$P$D$K$B$S$PE$A:L22UL41UL21$X:L11$S22US41US21$IEEE1$IW$USESV6$~STKCKD$USESV7$~SHL$OSPACE$ROPI$EBA8$MICROLIB$REQ8$PRES8$EABIv2 0x00000000   Number         0  anon$$obj.o ABSOLUTE
    __ARM_use_no_argv                        0x00000000   Number         0  main.o ABSOLUTE
    _printf_a                                0x00000000   Number         0  stubs.o ABSOLUTE
    _printf_c                                0x00000000   Number         0  stubs.o ABSOLUTE
    _printf_charcount                        0x00000000   Number         0  stubs.o ABSOLUTE
    _printf_d                                0x00000000   Number         0  stubs.o ABSOLUTE
    _printf_e                                0x00000000   Number         0  stubs.o ABSOLUTE
    _printf_f                                0x00000000   Number         0  stubs.o ABSOLUTE
    _printf_flags                            0x00000000   Number         0  stubs.o ABSOLUTE
    _printf_fp_dec                           0x00000000   Number         0  stubs.o ABSOLUTE
    _printf_fp_hex                           0x00000000   Number         0  stubs.o ABSOLUTE
    _printf_g                                0x00000000   Number         0  stubs.o ABSOLUTE
    _printf_i                                0x00000000   Number         0  stubs.o ABSOLUTE
    _printf_int_dec                          0x00000000   Number         0  stubs.o ABSOLUTE
    _printf_l                                0x00000000   Number         0  stubs.o ABSOLUTE
    _printf_lc                               0x00000000   Number         0  stubs.o ABSOLUTE
    _printf_ll                               0x00000000   Number         0  stubs.o ABSOLUTE
    _printf_lld                              0x00000000   Number         0  stubs.o ABSOLUTE
    _printf_lli                              0x00000000   Number         0  stubs.o ABSOLUTE
    _printf_llo                              0x00000000   Number         0  stubs.o ABSOLUTE
    _printf_llu                              0x00000000   Number         0  stubs.o ABSOLUTE
    _printf_llx                              0x00000000   Number         0  stubs.o ABSOLUTE
    _printf_longlong_dec                     0x00000000   Number         0  stubs.o ABSOLUTE
    _printf_longlong_hex                     0x00000000   Number         0  stubs.o ABSOLUTE
    _printf_longlong_oct                     0x00000000   Number         0  stubs.o ABSOLUTE
    _printf_ls                               0x00000000   Number         0  stubs.o ABSOLUTE
    _printf_mbtowc                           0x00000000   Number         0  stubs.o ABSOLUTE
    _printf_n                                0x00000000   Number         0  stubs.o ABSOLUTE
    _printf_o                                0x00000000   Number         0  stubs.o ABSOLUTE
    _printf_p                                0x00000000   Number         0  stubs.o ABSOLUTE
    _printf_percent                          0x00000000   Number         0  stubs.o ABSOLUTE
    _printf_pre_padding                      0x00000000   Number         0  stubs.o ABSOLUTE
    _printf_return_value                     0x00000000   Number         0  stubs.o ABSOLUTE
    _printf_s                                0x00000000   Number         0  stubs.o ABSOLUTE
    _printf_sizespec                         0x00000000   Number         0  stubs.o ABSOLUTE
    _printf_str                              0x00000000   Number         0  stubs.o ABSOLUTE
    _printf_truncate_signed                  0x00000000   Number         0  stubs.o ABSOLUTE
    _printf_truncate_unsigned                0x00000000   Number         0  stubs.o ABSOLUTE
    _printf_u                                0x00000000   Number         0  stubs.o ABSOLUTE
    _printf_wc                               0x00000000   Number         0  stubs.o ABSOLUTE
    _printf_wctomb                           0x00000000   Number         0  stubs.o ABSOLUTE
    _printf_widthprec                        0x00000000   Number         0  stubs.o ABSOLUTE
    _printf_x                                0x00000000   Number         0  stubs.o ABSOLUTE
    __cpp_initialize__aeabi_                  - Undefined Weak Reference
    __cxa_finalize                            - Undefined Weak Reference
    __decompress                              - Undefined Weak Reference
    _clock_init                               - Undefined Weak Reference
    _microlib_exit                            - Undefined Weak Reference
    __Vectors_Size                           0x00000130   Number         0  startup_stm32f10x_hd.o ABSOLUTE
    __Vectors                                0x08000000   Data           4  startup_stm32f10x_hd.o(RESET)
    __Vectors_End                            0x08000130   Data           0  startup_stm32f10x_hd.o(RESET)
    __main                                   0x08000131   Thumb Code     0  entry.o(.ARM.Collect$$$$00000000)
    _main_stk                                0x08000131   Thumb Code     0  entry2.o(.ARM.Collect$$$$00000001)
    _main_scatterload                        0x08000135   Thumb Code     0  entry5.o(.ARM.Collect$$$$00000004)
    __main_after_scatterload                 0x08000139   Thumb Code     0  entry5.o(.ARM.Collect$$$$00000004)
    _main_clock                              0x08000139   Thumb Code     0  entry7b.o(.ARM.Collect$$$$00000008)
    _main_cpp_init                           0x08000139   Thumb Code     0  entry8b.o(.ARM.Collect$$$$0000000A)
    _main_init                               0x08000139   Thumb Code     0  entry9a.o(.ARM.Collect$$$$0000000B)
    __rt_final_cpp                           0x08000141   Thumb Code     0  entry10a.o(.ARM.Collect$$$$0000000D)
    __rt_final_exit                          0x08000141   Thumb Code     0  entry11a.o(.ARM.Collect$$$$0000000F)
    SVC_Handler                              0x08000145   Thumb Code    32  port.o(.emb_text)
    __asm___6_port_c_39a90d8d__prvStartFirstTask 0x08000169   Thumb Code    28  port.o(.emb_text)
    PendSV_Handler                           0x08000189   Thumb Code    64  port.o(.emb_text)
    ulPortSetInterruptMask                   0x080001cd   Thumb Code    14  port.o(.emb_text)
    vPortClearInterruptMask                  0x080001db   Thumb Code     6  port.o(.emb_text)
    vPortGetIPSR                             0x080001e1   Thumb Code     6  port.o(.emb_text)
    Reset_Handler                            0x080001e9   Thumb Code     8  startup_stm32f10x_hd.o(.text)
    ADC1_2_IRQHandler                        0x08000203   Thumb Code     0  startup_stm32f10x_hd.o(.text)
    ADC3_IRQHandler                          0x08000203   Thumb Code     0  startup_stm32f10x_hd.o(.text)
    CAN1_RX1_IRQHandler                      0x08000203   Thumb Code     0  startup_stm32f10x_hd.o(.text)
    CAN1_SCE_IRQHandler                      0x08000203   Thumb Code     0  startup_stm32f10x_hd.o(.text)
    DMA1_Channel1_IRQHandler                 0x08000203   Thumb Code     0  startup_stm32f10x_hd.o(.text)
    DMA1_Channel2_IRQHandler                 0x08000203   Thumb Code     0  startup_stm32f10x_hd.o(.text)
    DMA1_Channel3_IRQHandler                 0x08000203   Thumb Code     0  startup_stm32f10x_hd.o(.text)
    DMA1_Channel4_IRQHandler                 0x08000203   Thumb Code     0  startup_stm32f10x_hd.o(.text)
    DMA1_Channel5_IRQHandler                 0x08000203   Thumb Code     0  startup_stm32f10x_hd.o(.text)
    DMA1_Channel6_IRQHandler                 0x08000203   Thumb Code     0  startup_stm32f10x_hd.o(.text)
    DMA1_Channel7_IRQHandler                 0x08000203   Thumb Code     0  startup_stm32f10x_hd.o(.text)
    DMA2_Channel1_IRQHandler                 0x08000203   Thumb Code     0  startup_stm32f10x_hd.o(.text)
    DMA2_Channel2_IRQHandler                 0x08000203   Thumb Code     0  startup_stm32f10x_hd.o(.text)
    DMA2_Channel3_IRQHandler                 0x08000203   Thumb Code     0  startup_stm32f10x_hd.o(.text)
    DMA2_Channel4_5_IRQHandler               0x08000203   Thumb Code     0  startup_stm32f10x_hd.o(.text)
    EXTI0_IRQHandler                         0x08000203   Thumb Code     0  startup_stm32f10x_hd.o(.text)
    EXTI15_10_IRQHandler                     0x08000203   Thumb Code     0  startup_stm32f10x_hd.o(.text)
    EXTI1_IRQHandler                         0x08000203   Thumb Code     0  startup_stm32f10x_hd.o(.text)
    EXTI2_IRQHandler                         0x08000203   Thumb Code     0  startup_stm32f10x_hd.o(.text)
    EXTI3_IRQHandler                         0x08000203   Thumb Code     0  startup_stm32f10x_hd.o(.text)
    EXTI4_IRQHandler                         0x08000203   Thumb Code     0  startup_stm32f10x_hd.o(.text)
    EXTI9_5_IRQHandler                       0x08000203   Thumb Code     0  startup_stm32f10x_hd.o(.text)
    FLASH_IRQHandler                         0x08000203   Thumb Code     0  startup_stm32f10x_hd.o(.text)
    FSMC_IRQHandler                          0x08000203   Thumb Code     0  startup_stm32f10x_hd.o(.text)
    I2C1_ER_IRQHandler                       0x08000203   Thumb Code     0  startup_stm32f10x_hd.o(.text)
    I2C1_EV_IRQHandler                       0x08000203   Thumb Code     0  startup_stm32f10x_hd.o(.text)
    I2C2_ER_IRQHandler                       0x08000203   Thumb Code     0  startup_stm32f10x_hd.o(.text)
    I2C2_EV_IRQHandler                       0x08000203   Thumb Code     0  startup_stm32f10x_hd.o(.text)
    PVD_IRQHandler                           0x08000203   Thumb Code     0  startup_stm32f10x_hd.o(.text)
    RCC_IRQHandler                           0x08000203   Thumb Code     0  startup_stm32f10x_hd.o(.text)
    RTCAlarm_IRQHandler                      0x08000203   Thumb Code     0  startup_stm32f10x_hd.o(.text)
    RTC_IRQHandler                           0x08000203   Thumb Code     0  startup_stm32f10x_hd.o(.text)
    SDIO_IRQHandler                          0x08000203   Thumb Code     0  startup_stm32f10x_hd.o(.text)
    SPI1_IRQHandler                          0x08000203   Thumb Code     0  startup_stm32f10x_hd.o(.text)
    SPI2_IRQHandler                          0x08000203   Thumb Code     0  startup_stm32f10x_hd.o(.text)
    SPI3_IRQHandler                          0x08000203   Thumb Code     0  startup_stm32f10x_hd.o(.text)
    TAMPER_IRQHandler                        0x08000203   Thumb Code     0  startup_stm32f10x_hd.o(.text)
    TIM1_BRK_IRQHandler                      0x08000203   Thumb Code     0  startup_stm32f10x_hd.o(.text)
    TIM1_CC_IRQHandler                       0x08000203   Thumb Code     0  startup_stm32f10x_hd.o(.text)
    TIM1_TRG_COM_IRQHandler                  0x08000203   Thumb Code     0  startup_stm32f10x_hd.o(.text)
    TIM1_UP_IRQHandler                       0x08000203   Thumb Code     0  startup_stm32f10x_hd.o(.text)
    TIM2_IRQHandler                          0x08000203   Thumb Code     0  startup_stm32f10x_hd.o(.text)
    TIM3_IRQHandler                          0x08000203   Thumb Code     0  startup_stm32f10x_hd.o(.text)
    TIM4_IRQHandler                          0x08000203   Thumb Code     0  startup_stm32f10x_hd.o(.text)
    TIM5_IRQHandler                          0x08000203   Thumb Code     0  startup_stm32f10x_hd.o(.text)
    TIM7_IRQHandler                          0x08000203   Thumb Code     0  startup_stm32f10x_hd.o(.text)
    TIM8_BRK_IRQHandler                      0x08000203   Thumb Code     0  startup_stm32f10x_hd.o(.text)
    TIM8_CC_IRQHandler                       0x08000203   Thumb Code     0  startup_stm32f10x_hd.o(.text)
    TIM8_TRG_COM_IRQHandler                  0x08000203   Thumb Code     0  startup_stm32f10x_hd.o(.text)
    TIM8_UP_IRQHandler                       0x08000203   Thumb Code     0  startup_stm32f10x_hd.o(.text)
    UART4_IRQHandler                         0x08000203   Thumb Code     0  startup_stm32f10x_hd.o(.text)
    UART5_IRQHandler                         0x08000203   Thumb Code     0  startup_stm32f10x_hd.o(.text)
    USART2_IRQHandler                        0x08000203   Thumb Code     0  startup_stm32f10x_hd.o(.text)
    USART3_IRQHandler                        0x08000203   Thumb Code     0  startup_stm32f10x_hd.o(.text)
    USBWakeUp_IRQHandler                     0x08000203   Thumb Code     0  startup_stm32f10x_hd.o(.text)
    USB_HP_CAN1_TX_IRQHandler                0x08000203   Thumb Code     0  startup_stm32f10x_hd.o(.text)
    USB_LP_CAN1_RX0_IRQHandler               0x08000203   Thumb Code     0  startup_stm32f10x_hd.o(.text)
    WWDG_IRQHandler                          0x08000203   Thumb Code     0  startup_stm32f10x_hd.o(.text)
    __aeabi_memset                           0x0800020d   Thumb Code    14  memseta.o(.text)
    __aeabi_memset4                          0x0800020d   Thumb Code     0  memseta.o(.text)
    __aeabi_memset8                          0x0800020d   Thumb Code     0  memseta.o(.text)
    __aeabi_memclr                           0x0800021b   Thumb Code     4  memseta.o(.text)
    __aeabi_memclr4                          0x0800021b   Thumb Code     0  memseta.o(.text)
    __aeabi_memclr8                          0x0800021b   Thumb Code     0  memseta.o(.text)
    _memset$wrapper                          0x0800021f   Thumb Code    18  memseta.o(.text)
    strlen                                   0x08000231   Thumb Code    14  strlen.o(.text)
    strcpy                                   0x0800023f   Thumb Code    18  strcpy.o(.text)
    __aeabi_uidiv                            0x08000251   Thumb Code     0  uidiv.o(.text)
    __aeabi_uidivmod                         0x08000251   Thumb Code    44  uidiv.o(.text)
    __scatterload                            0x0800027d   Thumb Code    28  init.o(.text)
    __scatterload_rt2                        0x0800027d   Thumb Code     0  init.o(.text)
    BusFault_Handler                         0x08000365   Thumb Code     4  stm32f10x_it.o(i.BusFault_Handler)
    ComToUart                                0x08000369   Thumb Code    44  bsp_uart_fifo.o(i.ComToUart)
    DebugMon_Handler                         0x080003bb   Thumb Code     2  stm32f10x_it.o(i.DebugMon_Handler)
    GPIO_Init                                0x080003bd   Thumb Code   278  stm32f10x_gpio.o(i.GPIO_Init)
    HardFault_Handler                        0x080004d5   Thumb Code    40  stm32f10x_it.o(i.HardFault_Handler)
    MemManage_Handler                        0x0800073d   Thumb Code     4  stm32f10x_it.o(i.MemManage_Handler)
    NMI_Handler                              0x08000741   Thumb Code     2  stm32f10x_it.o(i.NMI_Handler)
    NVIC_Init                                0x08000745   Thumb Code   100  misc.o(i.NVIC_Init)
    NVIC_PriorityGroupConfig                 0x080007b5   Thumb Code    10  misc.o(i.NVIC_PriorityGroupConfig)
    RCC_APB1PeriphClockCmd                   0x080007c9   Thumb Code    26  stm32f10x_rcc.o(i.RCC_APB1PeriphClockCmd)
    RCC_APB2PeriphClockCmd                   0x080007e9   Thumb Code    26  stm32f10x_rcc.o(i.RCC_APB2PeriphClockCmd)
    RCC_GetClocksFreq                        0x08000809   Thumb Code   192  stm32f10x_rcc.o(i.RCC_GetClocksFreq)
    RS485_InitTXE                            0x080008dd   Thumb Code    38  bsp_uart_fifo.o(i.RS485_InitTXE)
    SysTick_Handler                          0x080009f1   Thumb Code    28  port.o(i.SysTick_Handler)
    SystemInit                               0x08000a11   Thumb Code    78  system_stm32f10x.o(i.SystemInit)
    TIM6_IRQHandler                          0x08000a71   Thumb Code    32  sysinfotest.o(i.TIM6_IRQHandler)
    TIM_ARRPreloadConfig                     0x08000a99   Thumb Code    24  stm32f10x_tim.o(i.TIM_ARRPreloadConfig)
    TIM_ClearITPendingBit                    0x08000ab1   Thumb Code     6  stm32f10x_tim.o(i.TIM_ClearITPendingBit)
    TIM_Cmd                                  0x08000ab7   Thumb Code    24  stm32f10x_tim.o(i.TIM_Cmd)
    TIM_GetITStatus                          0x08000acf   Thumb Code    34  stm32f10x_tim.o(i.TIM_GetITStatus)
    TIM_ITConfig                             0x08000af1   Thumb Code    18  stm32f10x_tim.o(i.TIM_ITConfig)
    TIM_TimeBaseInit                         0x08000b05   Thumb Code   122  stm32f10x_tim.o(i.TIM_TimeBaseInit)
    USART1_IRQHandler                        0x08000ba9   Thumb Code    10  bsp_uart_fifo.o(i.USART1_IRQHandler)
    USART_ClearFlag                          0x08000bb9   Thumb Code    18  stm32f10x_usart.o(i.USART_ClearFlag)
    USART_Cmd                                0x08000bcb   Thumb Code    24  stm32f10x_usart.o(i.USART_Cmd)
    USART_GetITStatus                        0x08000be3   Thumb Code    84  stm32f10x_usart.o(i.USART_GetITStatus)
    USART_ITConfig                           0x08000c37   Thumb Code    74  stm32f10x_usart.o(i.USART_ITConfig)
    USART_Init                               0x08000c81   Thumb Code   210  stm32f10x_usart.o(i.USART_Init)
    USART_ReceiveData                        0x08000d59   Thumb Code    10  stm32f10x_usart.o(i.USART_ReceiveData)
    USART_SendData                           0x08000d63   Thumb Code     8  stm32f10x_usart.o(i.USART_SendData)
    UsageFault_Handler                       0x08000ef9   Thumb Code     4  stm32f10x_it.o(i.UsageFault_Handler)
    __0printf$3                              0x08000efd   Thumb Code    22  printf3.o(i.__0printf$3)
    __1printf$3                              0x08000efd   Thumb Code     0  printf3.o(i.__0printf$3)
    __2printf                                0x08000efd   Thumb Code     0  printf3.o(i.__0printf$3)
    __0sprintf$3                             0x08000f1d   Thumb Code    34  printf3.o(i.__0sprintf$3)
    __1sprintf$3                             0x08000f1d   Thumb Code     0  printf3.o(i.__0sprintf$3)
    __2sprintf                               0x08000f1d   Thumb Code     0  printf3.o(i.__0sprintf$3)
    __scatterload_copy                       0x08000f45   Thumb Code    14  handlers.o(i.__scatterload_copy)
    __scatterload_null                       0x08000f53   Thumb Code     2  handlers.o(i.__scatterload_null)
    __scatterload_zeroinit                   0x08000f55   Thumb Code    14  handlers.o(i.__scatterload_zeroinit)
    bsp_GetKey                               0x08001129   Thumb Code    46  bsp_key.o(i.bsp_GetKey)
    bsp_GetRCCofTIM                          0x0800115d   Thumb Code   150  bsp_tim_pwm.o(i.bsp_GetRCCofTIM)
    bsp_Init                                 0x08001229   Thumb Code    24  bsp.o(i.bsp_Init)
    bsp_InitKey                              0x08001241   Thumb Code    12  bsp_key.o(i.bsp_InitKey)
    bsp_InitLed                              0x080013c5   Thumb Code   108  bsp_led.o(i.bsp_InitLed)
    bsp_InitUart                             0x08001435   Thumb Code    20  bsp_uart_fifo.o(i.bsp_InitUart)
    bsp_LedOff                               0x08001449   Thumb Code    54  bsp_led.o(i.bsp_LedOff)
    bsp_LedToggle                            0x08001485   Thumb Code    72  bsp_led.o(i.bsp_LedToggle)
    bsp_SetTIMforInt                         0x080014d1   Thumb Code   478  bsp_tim_pwm.o(i.bsp_SetTIMforInt)
    comSendBuf                               0x080016dd   Thumb Code    46  bsp_uart_fifo.o(i.comSendBuf)
    comSendChar                              0x0800170b   Thumb Code    16  bsp_uart_fifo.o(i.comSendChar)
    fputc                                    0x0800171b   Thumb Code    18  bsp_uart_fifo.o(i.fputc)
    main                                     0x0800172d   Thumb Code    28  main.o(i.main)
    pvPortMalloc                             0x08001b69   Thumb Code   254  heap_4.o(i.pvPortMalloc)
    pxPortInitialiseStack                    0x08001c7d   Thumb Code    26  port.o(i.pxPortInitialiseStack)
    uxListRemove                             0x08001c9d   Thumb Code    40  list.o(i.uxListRemove)
    uxTaskGetSystemState                     0x08001cc5   Thumb Code   134  tasks.o(i.uxTaskGetSystemState)
    vListInitialise                          0x08001d69   Thumb Code    26  list.o(i.vListInitialise)
    vListInitialiseItem                      0x08001d83   Thumb Code     6  list.o(i.vListInitialiseItem)
    vListInsert                              0x08001d89   Thumb Code    52  list.o(i.vListInsert)
    vListInsertEnd                           0x08001dbd   Thumb Code    24  list.o(i.vListInsertEnd)
    vPortEnterCritical                       0x08001dd5   Thumb Code    58  port.o(i.vPortEnterCritical)
    vPortExitCritical                        0x08001e19   Thumb Code    40  port.o(i.vPortExitCritical)
    vPortFree                                0x08001e45   Thumb Code   112  heap_4.o(i.vPortFree)
    vPortSetupTimerInterrupt                 0x08001ebd   Thumb Code    14  port.o(i.vPortSetupTimerInterrupt)
    vPortYield                               0x08001ed1   Thumb Code    18  port.o(i.vPortYield)
    vSetupSysInfoTest                        0x08001ee9   Thumb Code    18  sysinfotest.o(i.vSetupSysInfoTest)
    vTaskDelay                               0x08001f01   Thumb Code    94  tasks.o(i.vTaskDelay)
    vTaskGetRunTimeStats                     0x08001f71   Thumb Code   162  tasks.o(i.vTaskGetRunTimeStats)
    vTaskList                                0x08002041   Thumb Code   180  tasks.o(i.vTaskList)
    vTaskStartScheduler                      0x08002149   Thumb Code    74  tasks.o(i.vTaskStartScheduler)
    vTaskSuspendAll                          0x080021b1   Thumb Code    12  tasks.o(i.vTaskSuspendAll)
    vTaskSwitchContext                       0x080021c1   Thumb Code   158  tasks.o(i.vTaskSwitchContext)
    xPortStartScheduler                      0x08002369   Thumb Code   140  port.o(i.xPortStartScheduler)
    xTaskGenericCreate                       0x08002409   Thumb Code   288  tasks.o(i.xTaskGenericCreate)
    xTaskIncrementTick                       0x08002541   Thumb Code   272  tasks.o(i.xTaskIncrementTick)
    xTaskResumeAll                           0x0800267d   Thumb Code   200  tasks.o(i.xTaskResumeAll)
    Region$$Table$$Base                      0x08002764   Number         0  anon$$obj.o(Region$$Table)
    Region$$Table$$Limit                     0x08002784   Number         0  anon$$obj.o(Region$$Table)
    ulHighFrequencyTimerTicks                0x20000010   Data           4  sysinfotest.o(.data)
    SystemCoreClock                          0x20000028   Data           4  system_stm32f10x.o(.data)
    AHBPrescTable                            0x2000002c   Data          16  system_stm32f10x.o(.data)
    pxCurrentTCB                             0x2000003c   Data           4  tasks.o(.data)
    __stdout                                 0x200000a0   Data           4  stdout.o(.data)
    __initial_sp                             0x20005648   Data           0  startup_stm32f10x_hd.o(STACK)



==============================================================================

Memory Map of the image

  Image Entry point : 0x08000131

  Load Region LR_IROM1 (Base: 0x08000000, Size: 0x00002828, Max: 0x00080000, ABSOLUTE)

    Execution Region ER_IROM1 (Exec base: 0x08000000, Load base: 0x08000000, Size: 0x00002784, Max: 0x00080000, ABSOLUTE)

    Exec Addr    Load Addr    Size         Type   Attr      Idx    E Section Name        Object

    0x08000000   0x08000000   0x00000130   Data   RO          757    RESET               startup_stm32f10x_hd.o
    0x08000130   0x08000130   0x00000000   Code   RO         2799  * .ARM.Collect$$$$00000000  mc_w.l(entry.o)
    0x08000130   0x08000130   0x00000004   Code   RO         3073    .ARM.Collect$$$$00000001  mc_w.l(entry2.o)
    0x08000134   0x08000134   0x00000004   Code   RO         3076    .ARM.Collect$$$$00000004  mc_w.l(entry5.o)
    0x08000138   0x08000138   0x00000000   Code   RO         3078    .ARM.Collect$$$$00000008  mc_w.l(entry7b.o)
    0x08000138   0x08000138   0x00000000   Code   RO         3080    .ARM.Collect$$$$0000000A  mc_w.l(entry8b.o)
    0x08000138   0x08000138   0x00000008   Code   RO         3081    .ARM.Collect$$$$0000000B  mc_w.l(entry9a.o)
    0x08000140   0x08000140   0x00000000   Code   RO         3083    .ARM.Collect$$$$0000000D  mc_w.l(entry10a.o)
    0x08000140   0x08000140   0x00000000   Code   RO         3085    .ARM.Collect$$$$0000000F  mc_w.l(entry11a.o)
    0x08000140   0x08000140   0x00000004   Code   RO         3074    .ARM.Collect$$$$00002712  mc_w.l(entry2.o)
    0x08000144   0x08000144   0x000000a2   Code   RO         2679    .emb_text           port.o
    0x080001e6   0x080001e6   0x00000002   PAD
    0x080001e8   0x080001e8   0x00000024   Code   RO          758    .text               startup_stm32f10x_hd.o
    0x0800020c   0x0800020c   0x00000024   Code   RO         2804    .text               mc_w.l(memseta.o)
    0x08000230   0x08000230   0x0000000e   Code   RO         2806    .text               mc_w.l(strlen.o)
    0x0800023e   0x0800023e   0x00000012   Code   RO         2808    .text               mc_w.l(strcpy.o)
    0x08000250   0x08000250   0x0000002c   Code   RO         3088    .text               mc_w.l(uidiv.o)
    0x0800027c   0x0800027c   0x00000024   Code   RO         3103    .text               mc_w.l(init.o)
    0x080002a0   0x080002a0   0x000000c4   Code   RO            3    i.AppTaskCreate     main.o
    0x08000364   0x08000364   0x00000004   Code   RO          630    i.BusFault_Handler  stm32f10x_it.o
    0x08000368   0x08000368   0x00000030   Code   RO          470    i.ComToUart         bsp_uart_fifo.o
    0x08000398   0x08000398   0x00000022   Code   RO          471    i.ConfigUartNVIC    bsp_uart_fifo.o
    0x080003ba   0x080003ba   0x00000002   Code   RO          631    i.DebugMon_Handler  stm32f10x_it.o
    0x080003bc   0x080003bc   0x00000116   Code   RO          814    i.GPIO_Init         stm32f10x_gpio.o
    0x080004d2   0x080004d2   0x00000002   PAD
    0x080004d4   0x080004d4   0x00000058   Code   RO          632    i.HardFault_Handler  stm32f10x_it.o
    0x0800052c   0x0800052c   0x00000094   Code   RO          472    i.InitHardUart      bsp_uart_fifo.o
    0x080005c0   0x080005c0   0x00000034   Code   RO          297    i.IsKeyDown1        bsp_key.o
    0x080005f4   0x080005f4   0x00000034   Code   RO          298    i.IsKeyDown10       bsp_key.o
    0x08000628   0x08000628   0x00000034   Code   RO          299    i.IsKeyDown2        bsp_key.o
    0x0800065c   0x0800065c   0x00000034   Code   RO          300    i.IsKeyDown3        bsp_key.o
    0x08000690   0x08000690   0x00000018   Code   RO          301    i.IsKeyDown4        bsp_key.o
    0x080006a8   0x080006a8   0x00000018   Code   RO          302    i.IsKeyDown5        bsp_key.o
    0x080006c0   0x080006c0   0x00000018   Code   RO          303    i.IsKeyDown6        bsp_key.o
    0x080006d8   0x080006d8   0x00000018   Code   RO          304    i.IsKeyDown7        bsp_key.o
    0x080006f0   0x080006f0   0x00000018   Code   RO          305    i.IsKeyDown8        bsp_key.o
    0x08000708   0x08000708   0x00000034   Code   RO          306    i.IsKeyDown9        bsp_key.o
    0x0800073c   0x0800073c   0x00000004   Code   RO          633    i.MemManage_Handler  stm32f10x_it.o
    0x08000740   0x08000740   0x00000002   Code   RO          634    i.NMI_Handler       stm32f10x_it.o
    0x08000742   0x08000742   0x00000002   PAD
    0x08000744   0x08000744   0x00000070   Code   RO          764    i.NVIC_Init         misc.o
    0x080007b4   0x080007b4   0x00000014   Code   RO          765    i.NVIC_PriorityGroupConfig  misc.o
    0x080007c8   0x080007c8   0x00000020   Code   RO          932    i.RCC_APB1PeriphClockCmd  stm32f10x_rcc.o
    0x080007e8   0x080007e8   0x00000020   Code   RO          934    i.RCC_APB2PeriphClockCmd  stm32f10x_rcc.o
    0x08000808   0x08000808   0x000000d4   Code   RO          942    i.RCC_GetClocksFreq  stm32f10x_rcc.o
    0x080008dc   0x080008dc   0x0000002c   Code   RO          473    i.RS485_InitTXE     bsp_uart_fifo.o
    0x08000908   0x08000908   0x00000008   Code   RO         2064    i.SetSysClock       system_stm32f10x.o
    0x08000910   0x08000910   0x000000e0   Code   RO         2065    i.SetSysClockTo72   system_stm32f10x.o
    0x080009f0   0x080009f0   0x00000020   Code   RO         2680    i.SysTick_Handler   port.o
    0x08000a10   0x08000a10   0x00000060   Code   RO         2067    i.SystemInit        system_stm32f10x.o
    0x08000a70   0x08000a70   0x00000028   Code   RO          223    i.TIM6_IRQHandler   sysinfotest.o
    0x08000a98   0x08000a98   0x00000018   Code   RO         1512    i.TIM_ARRPreloadConfig  stm32f10x_tim.o
    0x08000ab0   0x08000ab0   0x00000006   Code   RO         1519    i.TIM_ClearITPendingBit  stm32f10x_tim.o
    0x08000ab6   0x08000ab6   0x00000018   Code   RO         1524    i.TIM_Cmd           stm32f10x_tim.o
    0x08000ace   0x08000ace   0x00000022   Code   RO         1545    i.TIM_GetITStatus   stm32f10x_tim.o
    0x08000af0   0x08000af0   0x00000012   Code   RO         1549    i.TIM_ITConfig      stm32f10x_tim.o
    0x08000b02   0x08000b02   0x00000002   PAD
    0x08000b04   0x08000b04   0x000000a4   Code   RO         1595    i.TIM_TimeBaseInit  stm32f10x_tim.o
    0x08000ba8   0x08000ba8   0x00000010   Code   RO          479    i.USART1_IRQHandler  bsp_uart_fifo.o
    0x08000bb8   0x08000bb8   0x00000012   Code   RO         1138    i.USART_ClearFlag   stm32f10x_usart.o
    0x08000bca   0x08000bca   0x00000018   Code   RO         1142    i.USART_Cmd         stm32f10x_usart.o
    0x08000be2   0x08000be2   0x00000054   Code   RO         1146    i.USART_GetITStatus  stm32f10x_usart.o
    0x08000c36   0x08000c36   0x0000004a   Code   RO         1148    i.USART_ITConfig    stm32f10x_usart.o
    0x08000c80   0x08000c80   0x000000d8   Code   RO         1149    i.USART_Init        stm32f10x_usart.o
    0x08000d58   0x08000d58   0x0000000a   Code   RO         1156    i.USART_ReceiveData  stm32f10x_usart.o
    0x08000d62   0x08000d62   0x00000008   Code   RO         1159    i.USART_SendData    stm32f10x_usart.o
    0x08000d6a   0x08000d6a   0x000000e6   Code   RO          481    i.UartIRQ           bsp_uart_fifo.o
    0x08000e50   0x08000e50   0x0000006a   Code   RO          482    i.UartSend          bsp_uart_fifo.o
    0x08000eba   0x08000eba   0x00000002   PAD
    0x08000ebc   0x08000ebc   0x0000003c   Code   RO          483    i.UartVarInit       bsp_uart_fifo.o
    0x08000ef8   0x08000ef8   0x00000004   Code   RO          635    i.UsageFault_Handler  stm32f10x_it.o
    0x08000efc   0x08000efc   0x00000020   Code   RO         2901    i.__0printf$3       mc_w.l(printf3.o)
    0x08000f1c   0x08000f1c   0x00000028   Code   RO         2903    i.__0sprintf$3      mc_w.l(printf3.o)
    0x08000f44   0x08000f44   0x0000000e   Code   RO         3115    i.__scatterload_copy  mc_w.l(handlers.o)
    0x08000f52   0x08000f52   0x00000002   Code   RO         3116    i.__scatterload_null  mc_w.l(handlers.o)
    0x08000f54   0x08000f54   0x0000000e   Code   RO         3117    i.__scatterload_zeroinit  mc_w.l(handlers.o)
    0x08000f62   0x08000f62   0x00000002   PAD
    0x08000f64   0x08000f64   0x000001b8   Code   RO         2908    i._printf_core      mc_w.l(printf3.o)
    0x0800111c   0x0800111c   0x0000000a   Code   RO         2910    i._sputc            mc_w.l(printf3.o)
    0x08001126   0x08001126   0x00000002   PAD
    0x08001128   0x08001128   0x00000034   Code   RO          309    i.bsp_GetKey        bsp_key.o
    0x0800115c   0x0800115c   0x000000cc   Code   RO          686    i.bsp_GetRCCofTIM   bsp_tim_pwm.o
    0x08001228   0x08001228   0x00000018   Code   RO          277    i.bsp_Init          bsp.o
    0x08001240   0x08001240   0x0000000c   Code   RO          312    i.bsp_InitKey       bsp_key.o
    0x0800124c   0x0800124c   0x000000a4   Code   RO          313    i.bsp_InitKeyHard   bsp_key.o
    0x080012f0   0x080012f0   0x000000d4   Code   RO          314    i.bsp_InitKeyVar    bsp_key.o
    0x080013c4   0x080013c4   0x00000070   Code   RO          426    i.bsp_InitLed       bsp_led.o
    0x08001434   0x08001434   0x00000014   Code   RO          484    i.bsp_InitUart      bsp_uart_fifo.o
    0x08001448   0x08001448   0x0000003c   Code   RO          428    i.bsp_LedOff        bsp_led.o
    0x08001484   0x08001484   0x0000004c   Code   RO          430    i.bsp_LedToggle     bsp_led.o
    0x080014d0   0x080014d0   0x0000020c   Code   RO          689    i.bsp_SetTIMforInt  bsp_tim_pwm.o
    0x080016dc   0x080016dc   0x0000002e   Code   RO          491    i.comSendBuf        bsp_uart_fifo.o
    0x0800170a   0x0800170a   0x00000010   Code   RO          492    i.comSendChar       bsp_uart_fifo.o
    0x0800171a   0x0800171a   0x00000012   Code   RO          494    i.fputc             bsp_uart_fifo.o
    0x0800172c   0x0800172c   0x0000001c   Code   RO            4    i.main              main.o
    0x08001748   0x08001748   0x00000054   Code   RO         2368    i.prvAddCurrentTaskToDelayedList  tasks.o
    0x0800179c   0x0800179c   0x00000042   Code   RO         2369    i.prvAllocateTCBAndStack  tasks.o
    0x080017de   0x080017de   0x00000002   PAD
    0x080017e0   0x080017e0   0x00000064   Code   RO         2370    i.prvCheckTasksWaitingTermination  tasks.o
    0x08001844   0x08001844   0x00000012   Code   RO         2371    i.prvDeleteTCB      tasks.o
    0x08001856   0x08001856   0x00000002   PAD
    0x08001858   0x08001858   0x0000007c   Code   RO         2750    i.prvHeapInit       heap_4.o
    0x080018d4   0x080018d4   0x00000018   Code   RO         2372    i.prvIdleTask       tasks.o
    0x080018ec   0x080018ec   0x0000005e   Code   RO         2373    i.prvInitialiseTCBVariables  tasks.o
    0x0800194a   0x0800194a   0x00000002   PAD
    0x0800194c   0x0800194c   0x00000068   Code   RO         2374    i.prvInitialiseTaskLists  tasks.o
    0x080019b4   0x080019b4   0x00000068   Code   RO         2751    i.prvInsertBlockIntoFreeList  heap_4.o
    0x08001a1c   0x08001a1c   0x000000b0   Code   RO         2375    i.prvListTaskWithinSingleList  tasks.o
    0x08001acc   0x08001acc   0x00000034   Code   RO         2376    i.prvResetNextTaskUnblockTime  tasks.o
    0x08001b00   0x08001b00   0x00000016   Code   RO         2377    i.prvTaskCheckFreeStackSpace  tasks.o
    0x08001b16   0x08001b16   0x00000002   PAD
    0x08001b18   0x08001b18   0x00000024   Code   RO         2681    i.prvTaskExitError  port.o
    0x08001b3c   0x08001b3c   0x0000002a   Code   RO         2379    i.prvWriteNameToBuffer  tasks.o
    0x08001b66   0x08001b66   0x00000002   PAD
    0x08001b68   0x08001b68   0x00000114   Code   RO         2752    i.pvPortMalloc      heap_4.o
    0x08001c7c   0x08001c7c   0x00000020   Code   RO         2682    i.pxPortInitialiseStack  port.o
    0x08001c9c   0x08001c9c   0x00000028   Code   RO         2196    i.uxListRemove      list.o
    0x08001cc4   0x08001cc4   0x000000a4   Code   RO         2382    i.uxTaskGetSystemState  tasks.o
    0x08001d68   0x08001d68   0x0000001a   Code   RO         2197    i.vListInitialise   list.o
    0x08001d82   0x08001d82   0x00000006   Code   RO         2198    i.vListInitialiseItem  list.o
    0x08001d88   0x08001d88   0x00000034   Code   RO         2199    i.vListInsert       list.o
    0x08001dbc   0x08001dbc   0x00000018   Code   RO         2200    i.vListInsertEnd    list.o
    0x08001dd4   0x08001dd4   0x00000044   Code   RO         2684    i.vPortEnterCritical  port.o
    0x08001e18   0x08001e18   0x0000002c   Code   RO         2685    i.vPortExitCritical  port.o
    0x08001e44   0x08001e44   0x00000078   Code   RO         2753    i.vPortFree         heap_4.o
    0x08001ebc   0x08001ebc   0x00000014   Code   RO         2686    i.vPortSetupTimerInterrupt  port.o
    0x08001ed0   0x08001ed0   0x00000018   Code   RO         2688    i.vPortYield        port.o
    0x08001ee8   0x08001ee8   0x00000018   Code   RO          224    i.vSetupSysInfoTest  sysinfotest.o
    0x08001f00   0x08001f00   0x00000070   Code   RO         2387    i.vTaskDelay        tasks.o
    0x08001f70   0x08001f70   0x000000c0   Code   RO         2391    i.vTaskGetRunTimeStats  tasks.o
    0x08002030   0x08002030   0x00000010   Code   RO            5    i.vTaskLED          main.o
    0x08002040   0x08002040   0x000000c8   Code   RO         2392    i.vTaskList         tasks.o
    0x08002108   0x08002108   0x00000012   Code   RO            6    i.vTaskMsgPro       main.o
    0x0800211a   0x0800211a   0x00000002   PAD
    0x0800211c   0x0800211c   0x0000002c   Code   RO            7    i.vTaskStart        main.o
    0x08002148   0x08002148   0x00000068   Code   RO         2401    i.vTaskStartScheduler  tasks.o
    0x080021b0   0x080021b0   0x00000010   Code   RO         2403    i.vTaskSuspendAll   tasks.o
    0x080021c0   0x080021c0   0x000000c0   Code   RO         2404    i.vTaskSwitchContext  tasks.o
    0x08002280   0x08002280   0x000000e8   Code   RO            8    i.vTaskTaskUserIF   main.o
    0x08002368   0x08002368   0x000000a0   Code   RO         2689    i.xPortStartScheduler  port.o
    0x08002408   0x08002408   0x00000138   Code   RO         2406    i.xTaskGenericCreate  tasks.o
    0x08002540   0x08002540   0x0000013c   Code   RO         2411    i.xTaskIncrementTick  tasks.o
    0x0800267c   0x0800267c   0x000000e8   Code   RO         2416    i.xTaskResumeAll    tasks.o
    0x08002764   0x08002764   0x00000020   Data   RO         3113    Region$$Table       anon$$obj.o


    Execution Region RW_IRAM1 (Exec base: 0x20000000, Load base: 0x08002784, Size: 0x00005648, Max: 0x00010000, ABSOLUTE)

    Exec Addr    Load Addr    Size         Type   Attr      Idx    E Section Name        Object

    0x20000000   0x08002784   0x00000010   Data   RW            9    .data               main.o
    0x20000010   0x08002794   0x00000004   Data   RW          225    .data               sysinfotest.o
    0x20000014   0x08002798   0x00000014   Data   RW          962    .data               stm32f10x_rcc.o
    0x20000028   0x080027ac   0x00000014   Data   RW         2068    .data               system_stm32f10x.o
    0x2000003c   0x080027c0   0x00000040   Data   RW         2419    .data               tasks.o
    0x2000007c   0x08002800   0x0000000c   Data   RW         2690    .data               port.o
    0x20000088   0x0800280c   0x00000018   Data   RW         2758    .data               heap_4.o
    0x200000a0   0x08002824   0x00000004   Data   RW         3087    .data               mc_w.l(stdout.o)
    0x200000a4        -       0x000000ad   Zero   RW          318    .bss                bsp_key.o
    0x20000151   0x08002828   0x00000003   PAD
    0x20000154        -       0x00000828   Zero   RW          495    .bss                bsp_uart_fifo.o
    0x2000097c        -       0x000000c8   Zero   RW         2418    .bss                tasks.o
    0x20000a44        -       0x00004400   Zero   RW         2757    .bss                heap_4.o
    0x20004e44   0x08002828   0x00000004   PAD
    0x20004e48        -       0x00000800   Zero   RW          755    STACK               startup_stm32f10x_hd.o


==============================================================================

Image component sizes


      Code (inc. data)   RO Data    RW Data    ZI Data      Debug   Object Name

        24          0          0          0          0        439   bsp.o
       820        172          0          0        173       7531   bsp_key.o
       248         14          0          0          0       1543   bsp_led.o
       728        100          0          0          0       2405   bsp_tim_pwm.o
       786         40          0          0       2088       7286   bsp_uart_fifo.o
         0          0          0          0          0       1452   event_groups.o
       624         64          0         24      17408       3827   heap_4.o
       148          0          0          0          0       3006   list.o
       534        260          0         16          0     272207   main.o
       132         22          0          0          0       1659   misc.o
       578         72          0         12          0       7065   port.o
        36          8        304          0       2048        896   startup_stm32f10x_hd.o
       278          0          0          0          0       2056   stm32f10x_gpio.o
       104         48          0          0          0       2721   stm32f10x_it.o
       276         32          0         20          0       4614   stm32f10x_rcc.o
       270         42          0          0          0       4377   stm32f10x_tim.o
       434          6          0          0          0       6405   stm32f10x_usart.o
        64         14          0          4          0       2738   sysinfotest.o
       328         28          0         20          0       2209   system_stm32f10x.o
      2622        350          0         64        200      17122   tasks.o

    ----------------------------------------------------------------------
      9056       1272        336        160      21924     351558   Object Totals
         0          0         32          0          0          0   (incl. Generated)
        22          0          0          0          7          0   (incl. Padding)

    ----------------------------------------------------------------------

      Code (inc. data)   RO Data    RW Data    ZI Data      Debug   Library Member Name

         0          0          0          0          0          0   entry.o
         0          0          0          0          0          0   entry10a.o
         0          0          0          0          0          0   entry11a.o
         8          4          0          0          0          0   entry2.o
         4          0          0          0          0          0   entry5.o
         0          0          0          0          0          0   entry7b.o
         0          0          0          0          0          0   entry8b.o
         8          4          0          0          0          0   entry9a.o
        30          0          0          0          0          0   handlers.o
        36          8          0          0          0         68   init.o
        36          0          0          0          0        108   memseta.o
       522         20          0          0          0        336   printf3.o
         0          0          0          4          0          0   stdout.o
        18          0          0          0          0         68   strcpy.o
        14          0          0          0          0         68   strlen.o
        44          0          0          0          0         80   uidiv.o

    ----------------------------------------------------------------------
       724         36          0          4          0        728   Library Totals
         4          0          0          0          0          0   (incl. Padding)

    ----------------------------------------------------------------------

      Code (inc. data)   RO Data    RW Data    ZI Data      Debug   Library Name

       720         36          0          4          0        728   mc_w.l

    ----------------------------------------------------------------------
       724         36          0          4          0        728   Library Totals

    ----------------------------------------------------------------------

==============================================================================


      Code (inc. data)   RO Data    RW Data    ZI Data      Debug   

      9780       1308        336        164      21924     346770   Grand Totals
      9780       1308        336        164      21924     346770   ELF Image Totals
      9780       1308        336        164          0          0   ROM Totals

==============================================================================

    Total RO  Size (Code + RO Data)                10116 (   9.88kB)
    Total RW  Size (RW Data + ZI Data)             22088 (  21.57kB)
    Total ROM Size (Code + RO Data + RW Data)      10280 (  10.04kB)

==============================================================================

